Microchip MPLAB XC8 Compiler V1.41 ()

Linker command line:

-W-3 --edf=C:\Program Files (x86)\Microchip\xc8\v1.41\dat\en_msgs.txt -cs \
  -h+dist/default/production\WMC_Assignment1_1.X.production.sym \
  --cmf=dist/default/production\WMC_Assignment1_1.X.production.cmf -z \
  -Q18F4620 -oC:\Users\karem\AppData\Local\Temp\scuc.2 \
  -Mdist/default/production/WMC_Assignment1_1.X.production.map -E1 -ver=XC8 \
  -ASTACK=080h-0f7fh -pstack=STACK -ACODE=00h-0FFFFh -ACONST=00h-0FFFFh \
  -ASMALLCONST=01000h-010FFhx240 -AMEDIUMCONST=01000h-0FFFFh \
  -ACOMRAM=01h-07Fh -AABS1=00h-0F7Fh -ABIGRAM=01h-0F7Fh \
  -ARAM=080h-0FFh,0100h-01FFhx14,0F00h-0F7Fh -ABANK0=080h-0FFh \
  -ABANK1=0100h-01FFh -ABANK2=0200h-02FFh -ABANK3=0300h-03FFh \
  -ABANK4=0400h-04FFh -ABANK5=0500h-05FFh -ABANK6=0600h-06FFh \
  -ABANK7=0700h-07FFh -ABANK8=0800h-08FFh -ABANK9=0900h-09FFh \
  -ABANK10=0A00h-0AFFh -ABANK11=0B00h-0BFFh -ABANK12=0C00h-0CFFh \
  -ABANK13=0D00h-0DFFh -ABANK14=0E00h-0EFFh -ABANK15=0F00h-0F7Fh \
  -ASFR=0F80h-0FFFh -preset_vec=00h,intcode,intcodelo,powerup,init \
  -pramtop=01000h -psmallconst=SMALLCONST -pmediumconst=MEDIUMCONST \
  -pconst=CONST -AFARRAM=00h-00h -ACONFIG=0300000h-030000Dh -pconfig=CONFIG \
  -AIDLOC=0200000h-0200007h -pidloc=IDLOC -AEEDATA=0F00000h-0F003FFh \
  -peeprom_data=EEDATA \
  -prdata=COMRAM,nvrram=COMRAM,nvbit=COMRAM,rbss=COMRAM,rbit=COMRAM \
  -pfarbss=FARRAM,fardata=FARRAM,nvFARRAM=FARRAM \
  -pintsave_regs=BIGRAM,bigbss=BIGRAM,bigdata=BIGRAM -pbss=RAM \
  -pidata=CODE,irdata=CODE,ibigdata=CODE,ifardata=CODE -prparam=COMRAM \
  C:\Users\karem\AppData\Local\Temp\scuc.obj \
  dist/default/production\WMC_Assignment1_1.X.production.obj 

Object code version is 3.11

Machine type is 18F4620

Call graph: (short form)




                Name                               Link     Load   Length Selector   Space Scale
C:\Users\karem\AppData\Local\Temp\scuc.obj
                init                                  0        0        4        0       0
                idloc                            200000   200000        8   200000       0
                config                           300000   300000        E   300000       0
dist/default/production\WMC_Assignment1_1.X.production.obj
                smallconst                         1000     1000        E      800       0
                text7                              1184     1184       52      807       0
                text6                              1274     1274        E      807       0
                text5                              11D6     11D6       2C      807       0
                text4                              100E     100E       E0      807       0
                text3                              1262     1262       12      807       0
                text2                              1226     1226       24      807       0
                text1                              1202     1202       24      807       0
                text0                              10EE     10EE       96      807       0
                cstackCOMRAM                          8        8        4        1       1
                bssCOMRAM                             1        1        7        1       1
                bitbssCOMRAM                         60        C        3        1       1     8
                cinit                              124A     124A       18      807       0

TOTAL           Name                               Link     Load   Length     Space
        CLASS   STACK          

        CLASS   CODE           
                init                                  0        0        4         0
                text7                              1184     1184       52         0
                text6                              1274     1274        E         0
                text5                              11D6     11D6       2C         0
                text4                              100E     100E       E0         0
                text3                              1262     1262       12         0
                text2                              1226     1226       24         0
                text1                              1202     1202       24         0
                text0                              10EE     10EE       96         0
                cinit                              124A     124A       18         0

        CLASS   CONST          

        CLASS   SMALLCONST     
                smallconst                         1000     1000        E         0

        CLASS   MEDIUMCONST    

        CLASS   COMRAM         
                cstackCOMRAM                          8        8        4         1
                bssCOMRAM                             1        1        7         1
                bitbssCOMRAM                         60        C        3         1

        CLASS   ABS1           

        CLASS   BIGRAM         

        CLASS   RAM            

        CLASS   BANK0          

        CLASS   BANK1          

        CLASS   BANK2          

        CLASS   BANK3          

        CLASS   BANK4          

        CLASS   BANK5          

        CLASS   BANK6          

        CLASS   BANK7          

        CLASS   BANK8          

        CLASS   BANK9          

        CLASS   BANK10         

        CLASS   BANK11         

        CLASS   BANK12         

        CLASS   BANK13         

        CLASS   BANK14         

        CLASS   BANK15         

        CLASS   SFR            

        CLASS   FARRAM         

        CLASS   CONFIG         
                config                           300000   300000        E         0

        CLASS   IDLOC          
                idloc                            200000   200000        8         0

        CLASS   EEDATA         



SEGMENTS        Name                           Load    Length   Top    Selector   Space  Class

                reset_vec                      000000  000004  000004         0       0  CODE    
                bssCOMRAM                      000001  00000C  00000D         1       1  COMRAM  
                smallconst                     001000  00000E  00100E       800       0  SMALLCON
                text4                          00100E  000274  001282       807       0  CODE    
                idloc                          200000  000008  200008    200000       0  IDLOC   
                config                         300000  00000E  30000E    300000       0  CONFIG  


UNUSED ADDRESS RANGES

        Name                Unused          Largest block    Delta
        BANK0            000080-0000FF               80
        BANK1            000100-0001FF              100
        BANK10           000A00-000AFF              100
        BANK11           000B00-000BFF              100
        BANK12           000C00-000CFF              100
        BANK13           000D00-000DFF              100
        BANK14           000E00-000EFF              100
        BANK15           000F00-000F7F               80
        BANK2            000200-0002FF              100
        BANK3            000300-0003FF              100
        BANK4            000400-0004FF              100
        BANK5            000500-0005FF              100
        BANK6            000600-0006FF              100
        BANK7            000700-0007FF              100
        BANK8            000800-0008FF              100
        BANK9            000900-0009FF              100
        BIGRAM           00000D-000F7F              F73
        CODE             000004-000FFF              FFC
                         001282-00FFFF             ED7E
        COMRAM           00000D-00007F               73
        CONST            000004-000FFF              FFC
                         001282-00FFFF             ED7E
        EEDATA           F00000-F003FF              400
        MEDIUMCONST      001282-00FFFF             ED7E
        RAM              000080-000F7F              100
        SFR              000F80-000FFF               80
        SMALLCONST       001282-00FFFF              100
        STACK            000080-000F7F              F00

                                  Symbol Table

_ADCON0                  (abs)        000FC2
_ADCON0bits              (abs)        000FC2
_ADCON1                  (abs)        000FC1
_ADCON2                  (abs)        000FC0
_ADRESH                  (abs)        000FC4
_ADRESL                  (abs)        000FC3
_CMCON                   (abs)        000FB4
_ColCount                bssCOMRAM    000007
_PORTA                   (abs)        000F80
_PORTAbits               (abs)        000F80
_PORTB                   (abs)        000F81
_PORTBbits               (abs)        000F81
_PORTC                   (abs)        000F82
_PORTCbits               (abs)        000F82
_PORTD                   (abs)        000F83
_PORTDbits               (abs)        000F83
_PORTE                   (abs)        000F84
_PORTEbits               (abs)        000F84
_RBPU                    (abs)        007F8F
_SegCode                 smallconst   001001
_Segment                 bssCOMRAM    000001
_TRISA                   (abs)        000F92
_TRISB                   (abs)        000F93
_TRISC                   (abs)        000F94
_TRISD                   (abs)        000F95
_TRISE                   (abs)        000F96
__HRAM                   (abs)        000000
__Habs1                  abs1         000000
__Hbank0                 bank0        000000
__Hbank1                 bank1        000000
__Hbank10                bank10       000000
__Hbank11                bank11       000000
__Hbank12                bank12       000000
__Hbank13                bank13       000000
__Hbank14                bank14       000000
__Hbank15                bank15       000000
__Hbank2                 bank2        000000
__Hbank3                 bank3        000000
__Hbank4                 bank4        000000
__Hbank5                 bank5        000000
__Hbank6                 bank6        000000
__Hbank7                 bank7        000000
__Hbank8                 bank8        000000
__Hbank9                 bank9        000000
__Hbigbss                bigbss       000000
__Hbigdata               bigdata      000000
__Hbigram                bigram       000000
__HbitbssCOMRAM          bitbssCOMRAM 000000
__Hbss                   bss          000000
__HbssCOMRAM             bssCOMRAM    000000
__Hcinit                 cinit        000000
__Hclrtext               clrtext      000000
__Hcomram                comram       000000
__Hconfig                config       30000E
__Hconst                 const        000000
__HcstackCOMRAM          cstackCOMRAM 000000
__Hdata                  data         000000
__Heeprom_data           eeprom_data  000000
__Hfarbss                farbss       000000
__Hfardata               fardata      000000
__Hibigdata              ibigdata     000000
__Hidata                 idata        000000
__Hidloc                 idloc        200008
__Hifardata              ifardata     000000
__Hinit                  init         000004
__Hintcode               intcode      000000
__Hintcode_body          intcode_body 000000
__Hintcodelo             intcodelo    000000
__Hintentry              intentry     000000
__Hintret                intret       000000
__Hintsave_regs          intsave_regs 000000
__Hirdata                irdata       000000
__Hmediumconst           mediumconst  000000
__HnvFARRAM              nvFARRAM     000000
__Hnvbit                 nvbit        000000
__Hnvrram                nvrram       000000
__Hparam                 rparam       000000
__Hpowerup               powerup      000000
__Hram                   ram          000000
__Hramtop                ramtop       001000
__Hrbit                  rbit         000000
__Hrbss                  rbss         000000
__Hrdata                 rdata        000000
__Hreset_vec             reset_vec    000000
__Hrparam                rparam       000000
__Hsfr                   sfr          000000
__Hsmallconst            smallconst   00100E
__Hspace_0               (abs)        30000E
__Hspace_1               (abs)        000063
__Hspace_2               (abs)        000000
__Hstack                 stack        000000
__Hstruct                struct       000000
__Htemp                  temp         000000
__Htext                  text         000000
__Htext0                 text0        000000
__Htext1                 text1        000000
__Htext2                 text2        000000
__Htext3                 text3        000000
__Htext4                 text4        000000
__Htext5                 text5        000000
__Htext6                 text6        000000
__Htext7                 text7        000000
__LRAM                   (abs)        000001
__Labs1                  abs1         000000
__Lbank0                 bank0        000000
__Lbank1                 bank1        000000
__Lbank10                bank10       000000
__Lbank11                bank11       000000
__Lbank12                bank12       000000
__Lbank13                bank13       000000
__Lbank14                bank14       000000
__Lbank15                bank15       000000
__Lbank2                 bank2        000000
__Lbank3                 bank3        000000
__Lbank4                 bank4        000000
__Lbank5                 bank5        000000
__Lbank6                 bank6        000000
__Lbank7                 bank7        000000
__Lbank8                 bank8        000000
__Lbank9                 bank9        000000
__Lbigbss                bigbss       000000
__Lbigdata               bigdata      000000
__Lbigram                bigram       000000
__LbitbssCOMRAM          bitbssCOMRAM 000000
__Lbss                   bss          000000
__LbssCOMRAM             bssCOMRAM    000000
__Lcinit                 cinit        000000
__Lclrtext               clrtext      000000
__Lcomram                comram       000000
__Lconfig                config       300000
__Lconst                 const        000000
__LcstackCOMRAM          cstackCOMRAM 000000
__Ldata                  data         000000
__Leeprom_data           eeprom_data  000000
__Lfarbss                farbss       000000
__Lfardata               fardata      000000
__Libigdata              ibigdata     000000
__Lidata                 idata        000000
__Lidloc                 idloc        200000
__Lifardata              ifardata     000000
__Linit                  init         000000
__Lintcode               intcode      000000
__Lintcode_body          intcode_body 000000
__Lintcodelo             intcodelo    000000
__Lintentry              intentry     000000
__Lintret                intret       000000
__Lintsave_regs          intsave_regs 000000
__Lirdata                irdata       000000
__Lmediumconst           mediumconst  000000
__LnvFARRAM              nvFARRAM     000000
__Lnvbit                 nvbit        000000
__Lnvrram                nvrram       000000
__Lparam                 rparam       000000
__Lpowerup               powerup      000000
__Lram                   ram          000000
__Lramtop                ramtop       001000
__Lrbit                  rbit         000000
__Lrbss                  rbss         000000
__Lrdata                 rdata        000000
__Lreset_vec             reset_vec    000000
__Lrparam                rparam       000000
__Lsfr                   sfr          000000
__Lsmallconst            smallconst   001000
__Lspace_0               (abs)        000000
__Lspace_1               (abs)        000000
__Lspace_2               (abs)        000000
__Lstack                 stack        000000
__Lstruct                struct       000000
__Ltemp                  temp         000000
__Ltext                  text         000000
__Ltext0                 text0        000000
__Ltext1                 text1        000000
__Ltext2                 text2        000000
__Ltext3                 text3        000000
__Ltext4                 text4        000000
__Ltext5                 text5        000000
__Ltext6                 text6        000000
__Ltext7                 text7        000000
__S0                     (abs)        30000E
__S1                     (abs)        00000D
__S2                     (abs)        000000
___inthi_sp              stack        000000
___intlo_sp              stack        000000
___param_bank            (abs)        000000
___rparam_used           (abs)        000001
___sp                    stack        000000
__accesstop              (abs)        000080
__activetblptr           (abs)        000002
__end_of_SegCode         smallconst   00100C
__end_of__initialization cinit        001258
__end_of_button          text7        0011D6
__end_of_init_adc        text6        001282
__end_of_init_ports      text5        001202
__end_of_inlet           text3        001274
__end_of_main            text0        001184
__end_of_motor           text2        00124A
__end_of_outlet          text1        001226
__end_of_status          text4        0010EE
__initialization         cinit        00124A
__mediumconst            mediumconst  000000
__pbitbssCOMRAM          bitbssCOMRAM 000060
__pbssCOMRAM             bssCOMRAM    000001
__pcinit                 cinit        00124A
__pcstackCOMRAM          cstackCOMRAM 000008
__psmallconst            smallconst   001000
__ptext0                 text0        0010EE
__ptext1                 text1        001202
__ptext2                 text2        001226
__ptext3                 text3        001262
__ptext4                 text4        00100E
__ptext5                 text5        0011D6
__ptext6                 text6        001274
__ptext7                 text7        001184
__ramtop                 ramtop       001000
__size_of_button         (abs)        000000
__size_of_init_adc       (abs)        000000
__size_of_init_ports     (abs)        000000
__size_of_inlet          (abs)        000000
__size_of_main           (abs)        000000
__size_of_motor          (abs)        000000
__size_of_outlet         (abs)        000000
__size_of_status         (abs)        000000
__smallconst             smallconst   001000
_button                  text7        001184
_i                       bitbssCOMRAM 000061
_init_adc                text6        001274
_init_ports              text5        0011D6
_inlet                   text3        001262
_m                       bitbssCOMRAM 000062
_main                    text0        0010EE
_motor                   text2        001226
_o                       bitbssCOMRAM 000060
_outlet                  text1        001202
_result                  bssCOMRAM    000005
_status                  text4        00100E
button@push              cstackCOMRAM 000009
end_of_initialization    cinit        001258
intlevel0                text         000000
intlevel1                text         000000
intlevel2                text         000000
intlevel3                text         000000
main@disp1               cstackCOMRAM 00000B
stackhi                  (abs)        000F7F
stacklo                  (abs)        000080
start                    init         000000
start_initialization     cinit        00124A


FUNCTION INFORMATION:

 *************** function _main *****************
 Defined at:
		line 267 in file "WMC.c"
 Parameters:    Size  Location     Type
		None
 Auto vars:     Size  Location     Type
  i               2    0        unsigned int 
  disp1           1    3[COMRAM] unsigned char 
 Return value:  Size  Location     Type
                  1    wreg      void 
 Registers used:
		wreg, status,2, status,0, cstack
 Tracked objects:
		On entry : 
		On exit  : 
		Unchanged: 
 Data sizes:     COMRAM   BANK0   BANK1   BANK2   BANK3   BANK4   BANK5   BANK6   BANK7   BANK8   BANK9  BANK10  BANK11  BANK12  BANK13  BANK14  BANK15
      Params:         0       0       0       0       0       0       0       0       0       0       0       0       0       0       0       0       0
      Locals:         1       0       0       0       0       0       0       0       0       0       0       0       0       0       0       0       0
      Temps:          1       0       0       0       0       0       0       0       0       0       0       0       0       0       0       0       0
      Totals:         2       0       0       0       0       0       0       0       0       0       0       0       0       0       0       0       0
Total ram usage:        2 bytes
 Hardware stack levels required when called:    2
 This function calls:
		_button
		_init_adc
		_init_ports
		_inlet
		_motor
		_outlet
 This function is called by:
		Startup code after reset
 This function uses a non-reentrant model


 *************** function _outlet *****************
 Defined at:
		line 198 in file "WMC.c"
 Parameters:    Size  Location     Type
		None
 Auto vars:     Size  Location     Type
		None
 Return value:  Size  Location     Type
                  1    wreg      void 
 Registers used:
		wreg, cstack
 Tracked objects:
		On entry : 
		On exit  : 
		Unchanged: 
 Data sizes:     COMRAM   BANK0   BANK1   BANK2   BANK3   BANK4   BANK5   BANK6   BANK7   BANK8   BANK9  BANK10  BANK11  BANK12  BANK13  BANK14  BANK15
      Params:         0       0       0       0       0       0       0       0       0       0       0       0       0       0       0       0       0
      Locals:         0       0       0       0       0       0       0       0       0       0       0       0       0       0       0       0       0
      Temps:          1       0       0       0       0       0       0       0       0       0       0       0       0       0       0       0       0
      Totals:         1       0       0       0       0       0       0       0       0       0       0       0       0       0       0       0       0
Total ram usage:        1 bytes
 Hardware stack levels used:    1
 Hardware stack levels required when called:    1
 This function calls:
		_status
 This function is called by:
		_main
 This function uses a non-reentrant model


 *************** function _motor *****************
 Defined at:
		line 170 in file "WMC.c"
 Parameters:    Size  Location     Type
		None
 Auto vars:     Size  Location     Type
		None
 Return value:  Size  Location     Type
                  1    wreg      void 
 Registers used:
		wreg, cstack
 Tracked objects:
		On entry : 
		On exit  : 
		Unchanged: 
 Data sizes:     COMRAM   BANK0   BANK1   BANK2   BANK3   BANK4   BANK5   BANK6   BANK7   BANK8   BANK9  BANK10  BANK11  BANK12  BANK13  BANK14  BANK15
      Params:         0       0       0       0       0       0       0       0       0       0       0       0       0       0       0       0       0
      Locals:         0       0       0       0       0       0       0       0       0       0       0       0       0       0       0       0       0
      Temps:          1       0       0       0       0       0       0       0       0       0       0       0       0       0       0       0       0
      Totals:         1       0       0       0       0       0       0       0       0       0       0       0       0       0       0       0       0
Total ram usage:        1 bytes
 Hardware stack levels used:    1
 Hardware stack levels required when called:    1
 This function calls:
		_status
 This function is called by:
		_main
 This function uses a non-reentrant model


 *************** function _inlet *****************
 Defined at:
		line 185 in file "WMC.c"
 Parameters:    Size  Location     Type
		None
 Auto vars:     Size  Location     Type
		None
 Return value:  Size  Location     Type
                  1    wreg      void 
 Registers used:
		wreg, cstack
 Tracked objects:
		On entry : 
		On exit  : 
		Unchanged: 
 Data sizes:     COMRAM   BANK0   BANK1   BANK2   BANK3   BANK4   BANK5   BANK6   BANK7   BANK8   BANK9  BANK10  BANK11  BANK12  BANK13  BANK14  BANK15
      Params:         0       0       0       0       0       0       0       0       0       0       0       0       0       0       0       0       0
      Locals:         0       0       0       0       0       0       0       0       0       0       0       0       0       0       0       0       0
      Temps:          0       0       0       0       0       0       0       0       0       0       0       0       0       0       0       0       0
      Totals:         0       0       0       0       0       0       0       0       0       0       0       0       0       0       0       0       0
Total ram usage:        0 bytes
 Hardware stack levels used:    1
 Hardware stack levels required when called:    1
 This function calls:
		_status
 This function is called by:
		_main
 This function uses a non-reentrant model


 *************** function _status *****************
 Defined at:
		line 113 in file "WMC.c"
 Parameters:    Size  Location     Type
		None
 Auto vars:     Size  Location     Type
		None
 Return value:  Size  Location     Type
                  1    wreg      void 
 Registers used:
		wreg
 Tracked objects:
		On entry : 
		On exit  : 
		Unchanged: 
 Data sizes:     COMRAM   BANK0   BANK1   BANK2   BANK3   BANK4   BANK5   BANK6   BANK7   BANK8   BANK9  BANK10  BANK11  BANK12  BANK13  BANK14  BANK15
      Params:         0       0       0       0       0       0       0       0       0       0       0       0       0       0       0       0       0
      Locals:         0       0       0       0       0       0       0       0       0       0       0       0       0       0       0       0       0
      Temps:          1       0       0       0       0       0       0       0       0       0       0       0       0       0       0       0       0
      Totals:         1       0       0       0       0       0       0       0       0       0       0       0       0       0       0       0       0
Total ram usage:        1 bytes
 Hardware stack levels used:    1
 This function calls:
		Nothing
 This function is called by:
		_motor
		_inlet
		_outlet
 This function uses a non-reentrant model


 *************** function _init_ports *****************
 Defined at:
		line 19 in file "WMC.c"
 Parameters:    Size  Location     Type
		None
 Auto vars:     Size  Location     Type
		None
 Return value:  Size  Location     Type
                  1    wreg      void 
 Registers used:
		wreg, status,2
 Tracked objects:
		On entry : 
		On exit  : 
		Unchanged: 
 Data sizes:     COMRAM   BANK0   BANK1   BANK2   BANK3   BANK4   BANK5   BANK6   BANK7   BANK8   BANK9  BANK10  BANK11  BANK12  BANK13  BANK14  BANK15
      Params:         0       0       0       0       0       0       0       0       0       0       0       0       0       0       0       0       0
      Locals:         0       0       0       0       0       0       0       0       0       0       0       0       0       0       0       0       0
      Temps:          0       0       0       0       0       0       0       0       0       0       0       0       0       0       0       0       0
      Totals:         0       0       0       0       0       0       0       0       0       0       0       0       0       0       0       0       0
Total ram usage:        0 bytes
 Hardware stack levels used:    1
 This function calls:
		Nothing
 This function is called by:
		_main
 This function uses a non-reentrant model


 *************** function _init_adc *****************
 Defined at:
		line 81 in file "WMC.c"
 Parameters:    Size  Location     Type
		None
 Auto vars:     Size  Location     Type
		None
 Return value:  Size  Location     Type
                  1    wreg      void 
 Registers used:
		wreg, status,2
 Tracked objects:
		On entry : 
		On exit  : 
		Unchanged: 
 Data sizes:     COMRAM   BANK0   BANK1   BANK2   BANK3   BANK4   BANK5   BANK6   BANK7   BANK8   BANK9  BANK10  BANK11  BANK12  BANK13  BANK14  BANK15
      Params:         0       0       0       0       0       0       0       0       0       0       0       0       0       0       0       0       0
      Locals:         0       0       0       0       0       0       0       0       0       0       0       0       0       0       0       0       0
      Temps:          0       0       0       0       0       0       0       0       0       0       0       0       0       0       0       0       0
      Totals:         0       0       0       0       0       0       0       0       0       0       0       0       0       0       0       0       0
Total ram usage:        0 bytes
 Hardware stack levels used:    1
 This function calls:
		Nothing
 This function is called by:
		_main
 This function uses a non-reentrant model


 *************** function _button *****************
 Defined at:
		line 40 in file "WMC.c"
 Parameters:    Size  Location     Type
		None
 Auto vars:     Size  Location     Type
  push            1    1[COMRAM] unsigned char 
 Return value:  Size  Location     Type
                  1    wreg      unsigned char 
 Registers used:
		wreg, status,2
 Tracked objects:
		On entry : 
		On exit  : 
		Unchanged: 
 Data sizes:     COMRAM   BANK0   BANK1   BANK2   BANK3   BANK4   BANK5   BANK6   BANK7   BANK8   BANK9  BANK10  BANK11  BANK12  BANK13  BANK14  BANK15
      Params:         0       0       0       0       0       0       0       0       0       0       0       0       0       0       0       0       0
      Locals:         1       0       0       0       0       0       0       0       0       0       0       0       0       0       0       0       0
      Temps:          1       0       0       0       0       0       0       0       0       0       0       0       0       0       0       0       0
      Totals:         2       0       0       0       0       0       0       0       0       0       0       0       0       0       0       0       0
Total ram usage:        2 bytes
 Hardware stack levels used:    1
 This function calls:
		Nothing
 This function is called by:
		_main
 This function uses a non-reentrant model



MODULE INFORMATION

Module		Function		Class		Link	Load	Size
shared
		_SegCode       		SMALLCONST     	1001	0000	12
		__initialization		CODE           	124A	0000	15

shared estimated size: 27

WMC.c
		_main          		CODE           	10EE	0000	151
		_init_ports    		CODE           	11D6	0000	45
		_outlet        		CODE           	1202	0000	37
		_button        		CODE           	1184	0000	83
		_init_adc      		CODE           	1274	0000	15
		_status        		CODE           	100E	0000	225
		_motor         		CODE           	1226	0000	37
		_inlet         		CODE           	1262	0000	19

WMC.c estimated size: 612

