Microchip MPLAB XC8 Compiler V1.41 ()

Linker command line:

-W-3 --edf=C:\Program Files (x86)\Microchip\xc8\v1.41\dat\en_msgs.txt -cs \
  -h+dist/default/debug\WMC_Assignment_2.X.debug.sym \
  --cmf=dist/default/debug\WMC_Assignment_2.X.debug.cmf -z -Q18F4620 \
  -oC:\Users\karem\AppData\Local\Temp\s8q4.2 \
  -Mdist/default/debug/WMC_Assignment_2.X.debug.map -E1 -ver=XC8 \
  -ASTACK=0F3h-0f7fh -pstack=STACK -ACODE=00h-0FFFFh -ACONST=00h-0FFFFh \
  -ASMALLCONST=01000h-010FFhx240 -AMEDIUMCONST=01000h-0FFFFh \
  -ACOMRAM=01h-07Fh -AABS1=00h-0F7Fh -ABIGRAM=01h-0F7Fh \
  -ARAM=080h-0FFh,0100h-01FFhx14,0F00h-0F7Fh -ABANK0=080h-0FFh \
  -ABANK1=0100h-01FFh -ABANK2=0200h-02FFh -ABANK3=0300h-03FFh \
  -ABANK4=0400h-04FFh -ABANK5=0500h-05FFh -ABANK6=0600h-06FFh \
  -ABANK7=0700h-07FFh -ABANK8=0800h-08FFh -ABANK9=0900h-09FFh \
  -ABANK10=0A00h-0AFFh -ABANK11=0B00h-0BFFh -ABANK12=0C00h-0CFFh \
  -ABANK13=0D00h-0DFFh -ABANK14=0E00h-0EFFh -ABANK15=0F00h-0F7Fh \
  -ASFR=0F80h-0FFFh -preset_vec=00h,intcode,intcodelo,powerup,init \
  -pramtop=01000h -psmallconst=SMALLCONST -pmediumconst=MEDIUMCONST \
  -pconst=CONST -AFARRAM=00h-00h -ACONFIG=0300000h-030000Dh -pconfig=CONFIG \
  -AIDLOC=0200000h-0200007h -pidloc=IDLOC -AEEDATA=0F00000h-0F003FFh \
  -peeprom_data=EEDATA \
  -prdata=COMRAM,nvrram=COMRAM,nvbit=COMRAM,rbss=COMRAM,rbit=COMRAM \
  -pfarbss=FARRAM,fardata=FARRAM,nvFARRAM=FARRAM \
  -pintsave_regs=BIGRAM,bigbss=BIGRAM,bigdata=BIGRAM -pbss=RAM \
  -pidata=CODE,irdata=CODE,ibigdata=CODE,ifardata=CODE -prparam=COMRAM \
  C:\Users\karem\AppData\Local\Temp\s8q4.obj \
  dist/default/debug\WMC_Assignment_2.X.debug.obj 

Object code version is 3.11

Machine type is 18F4620

Call graph: (short form)




                Name                               Link     Load   Length Selector   Space Scale
C:\Users\karem\AppData\Local\Temp\s8q4.obj
                init                                  0        0        4        0       0
                idloc                            200000   200000        8   200000       0
                config                           300000   300000        E   300000       0
dist/default/debug\WMC_Assignment_2.X.debug.obj
                mediumconst                        FEF0     FEF0      110     7F78       0
                text45                             E3DA     E3DA        E     71ED       0
                text44                             E4C2     E4C2       2A     7261       0
                text43                             E5CA     E5CA       36     72E5       0
                text42                             E3D2     E3D2        8     71E9       0
                text41                             E4EC     E4EC       2A     7276       0
                text40                             E7D8     E7D8       5C     73EC       0
                text39                             EC1E     EC1E       90     760F       0
                text38                             ED52     ED52       AE     76A9       0
                text37                             EFAE     EFAE       F4     77D7       0
                text36                             E430     E430       24     7218       0
                text35                             F3B0     F3B0      1AC     79D8       0
                text34                             E63A     E63A       40     731D       0
                text33                             F0A2     F0A2       F4     7851       0
                text32                             E834     E834       5C     741A       0
                text31                             EB14     EB14       82     758A       0
                text30                             E94A     E94A       66     74A5       0
                text29                             E49C     E49C       26     724E       0
                text28                             E412     E412       1E     7209       0
                text27                             F772     F772      32C     7BB9       0
                text26                             F2A2     F2A2      10E     7951       0
                text25                             E3E8     E3E8        E     71F4       0
                text24                             EEC8     EEC8       E6     7764       0
                text23                             E454     E454       24     722A       0
                text22                             E596     E596       34     72CB       0
                text21                             EB96     EB96       88     75CB       0
                text20                             E3F6     E3F6        E     71FB       0
                text19                             E404     E404        E     7202       0
                text18                             E786     E786       52     73C3       0
                text17                             E67A     E67A       42     733D       0
                text16                             ECAE     ECAE       A4     7657       0
                text15                             E6BC     E6BC       42     735E       0
                text14                             E516     E516       2A     728B       0
                text13                             EA94     EA94       80     754A       0
                text12                             E540     E540       2A     72A0       0
                text11                             E56A     E56A       2C     72B5       0
                text10                             E8EC     E8EC       5E     7476       0
                text9                              E6FE     E6FE       42     737F       0
                text8                              E740     E740       46     73A0       0
                text7                              EE00     EE00       C8     7700       0
                text6                              E890     E890       5C     7448       0
                text5                              FA9E     FA9E      452     7D4F       0
                text4                              E9B0     E9B0       6A     74D8       0
                text3                              F196     F196      10C     78CB       0
                text2                              F55C     F55C      216     7AAE       0
                text1                              EA1A     EA1A       7A     750D       0
                text0                              E478     E478       24     723C       0
                cstackCOMRAM                          1        1       59        1       1
                cstackBANK0                          80       80       50       80       1
                bssBANK0                             D0       D0       23       80       1
                dataCOMRAM                           71       71        2        1       1
                bssCOMRAM                            5A       5A       17        1       1
                cinit                              E600     E600       3A     7300       0
                idataCOMRAM                        E3D0     E3D0        2     E3D0       0

TOTAL           Name                               Link     Load   Length     Space
        CLASS   STACK          

        CLASS   CODE           
                init                                  0        0        4         0
                text45                             E3DA     E3DA        E         0
                text44                             E4C2     E4C2       2A         0
                text43                             E5CA     E5CA       36         0
                text42                             E3D2     E3D2        8         0
                text41                             E4EC     E4EC       2A         0
                text40                             E7D8     E7D8       5C         0
                text39                             EC1E     EC1E       90         0
                text38                             ED52     ED52       AE         0
                text37                             EFAE     EFAE       F4         0
                text36                             E430     E430       24         0
                text35                             F3B0     F3B0      1AC         0
                text34                             E63A     E63A       40         0
                text33                             F0A2     F0A2       F4         0
                text32                             E834     E834       5C         0
                text31                             EB14     EB14       82         0
                text30                             E94A     E94A       66         0
                text29                             E49C     E49C       26         0
                text28                             E412     E412       1E         0
                text27                             F772     F772      32C         0
                text26                             F2A2     F2A2      10E         0
                text25                             E3E8     E3E8        E         0
                text24                             EEC8     EEC8       E6         0
                text23                             E454     E454       24         0
                text22                             E596     E596       34         0
                text21                             EB96     EB96       88         0
                text20                             E3F6     E3F6        E         0
                text19                             E404     E404        E         0
                text18                             E786     E786       52         0
                text17                             E67A     E67A       42         0
                text16                             ECAE     ECAE       A4         0
                text15                             E6BC     E6BC       42         0
                text14                             E516     E516       2A         0
                text13                             EA94     EA94       80         0
                text12                             E540     E540       2A         0
                text11                             E56A     E56A       2C         0
                text10                             E8EC     E8EC       5E         0
                text9                              E6FE     E6FE       42         0
                text8                              E740     E740       46         0
                text7                              EE00     EE00       C8         0
                text6                              E890     E890       5C         0
                text5                              FA9E     FA9E      452         0
                text4                              E9B0     E9B0       6A         0
                text3                              F196     F196      10C         0
                text2                              F55C     F55C      216         0
                text1                              EA1A     EA1A       7A         0
                text0                              E478     E478       24         0
                cinit                              E600     E600       3A         0
                idataCOMRAM                        E3D0     E3D0        2         0

        CLASS   CONST          

        CLASS   SMALLCONST     

        CLASS   MEDIUMCONST    
                mediumconst                        FEF0     FEF0      110         0

        CLASS   COMRAM         
                cstackCOMRAM                          1        1       59         1
                dataCOMRAM                           71       71        2         1
                bssCOMRAM                            5A       5A       17         1

        CLASS   ABS1           

        CLASS   BIGRAM         

        CLASS   RAM            

        CLASS   BANK0          
                cstackBANK0                          80       80       50         1
                bssBANK0                             D0       D0       23         1

        CLASS   BANK1          

        CLASS   BANK2          

        CLASS   BANK3          

        CLASS   BANK4          

        CLASS   BANK5          

        CLASS   BANK6          

        CLASS   BANK7          

        CLASS   BANK8          

        CLASS   BANK9          

        CLASS   BANK10         

        CLASS   BANK11         

        CLASS   BANK12         

        CLASS   BANK13         

        CLASS   BANK14         

        CLASS   BANK15         

        CLASS   SFR            

        CLASS   FARRAM         

        CLASS   CONFIG         
                config                           300000   300000        E         0

        CLASS   IDLOC          
                idloc                            200000   200000        8         0

        CLASS   EEDATA         



SEGMENTS        Name                           Load    Length   Top    Selector   Space  Class

                reset_vec                      000000  000004  000004         0       0  CODE    
                cstackCOMRAM                   000001  000072  000073         1       1  COMRAM  
                cstackBANK0                    000080  000073  0000F3        80       1  BANK0   
                idataCOMRAM                    00E3D0  000002  00E3D2      E3D0       0  CODE    
                text42                         00E3D2  000008  00E3DA      71E9       0  CODE    
                text45                         00E3DA  00000E  00E3E8      71ED       0  CODE    
                text25                         00E3E8  00000E  00E3F6      71F4       0  CODE    
                text20                         00E3F6  00000E  00E404      71FB       0  CODE    
                text19                         00E404  00000E  00E412      7202       0  CODE    
                text28                         00E412  00001E  00E430      7209       0  CODE    
                text36                         00E430  000024  00E454      7218       0  CODE    
                text23                         00E454  000024  00E478      722A       0  CODE    
                text0                          00E478  000024  00E49C      723C       0  CODE    
                text29                         00E49C  000026  00E4C2      724E       0  CODE    
                text44                         00E4C2  00002A  00E4EC      7261       0  CODE    
                text41                         00E4EC  00002A  00E516      7276       0  CODE    
                text14                         00E516  00002A  00E540      728B       0  CODE    
                text12                         00E540  00002A  00E56A      72A0       0  CODE    
                text11                         00E56A  00002C  00E596      72B5       0  CODE    
                text22                         00E596  000034  00E5CA      72CB       0  CODE    
                text43                         00E5CA  000036  00E600      72E5       0  CODE    
                cinit                          00E600  00003A  00E63A      7300       0  CODE    
                text34                         00E63A  000040  00E67A      731D       0  CODE    
                text17                         00E67A  000042  00E6BC      733D       0  CODE    
                text15                         00E6BC  000042  00E6FE      735E       0  CODE    
                text9                          00E6FE  000042  00E740      737F       0  CODE    
                text8                          00E740  000046  00E786      73A0       0  CODE    
                text18                         00E786  000052  00E7D8      73C3       0  CODE    
                text40                         00E7D8  00005C  00E834      73EC       0  CODE    
                text32                         00E834  00005C  00E890      741A       0  CODE    
                text6                          00E890  00005C  00E8EC      7448       0  CODE    
                text10                         00E8EC  00005E  00E94A      7476       0  CODE    
                text30                         00E94A  000066  00E9B0      74A5       0  CODE    
                text4                          00E9B0  00006A  00EA1A      74D8       0  CODE    
                text1                          00EA1A  00007A  00EA94      750D       0  CODE    
                text13                         00EA94  000080  00EB14      754A       0  CODE    
                text31                         00EB14  000082  00EB96      758A       0  CODE    
                text21                         00EB96  000088  00EC1E      75CB       0  CODE    
                text39                         00EC1E  000090  00ECAE      760F       0  CODE    
                text16                         00ECAE  0000A4  00ED52      7657       0  CODE    
                text38                         00ED52  0000AE  00EE00      76A9       0  CODE    
                text7                          00EE00  0000C8  00EEC8      7700       0  CODE    
                text24                         00EEC8  0000E6  00EFAE      7764       0  CODE    
                text37                         00EFAE  0000F4  00F0A2      77D7       0  CODE    
                text33                         00F0A2  0000F4  00F196      7851       0  CODE    
                text3                          00F196  00010C  00F2A2      78CB       0  CODE    
                text26                         00F2A2  00010E  00F3B0      7951       0  CODE    
                text35                         00F3B0  0001AC  00F55C      79D8       0  CODE    
                text2                          00F55C  000216  00F772      7AAE       0  CODE    
                text27                         00F772  00032C  00FA9E      7BB9       0  CODE    
                text5                          00FA9E  000452  00FEF0      7D4F       0  CODE    
                mediumconst                    00FEF0  000110  010000      7F78       0  MEDIUMCO
                idloc                          200000  000008  200008    200000       0  IDLOC   
                config                         300000  00000E  30000E    300000       0  CONFIG  


UNUSED ADDRESS RANGES

        Name                Unused          Largest block    Delta
        BANK0            0000F3-0000FF                D
        BANK1            000100-0001FF              100
        BANK10           000A00-000AFF              100
        BANK11           000B00-000BFF              100
        BANK12           000C00-000CFF              100
        BANK13           000D00-000DFF              100
        BANK14           000E00-000EFF              100
        BANK15           000F00-000F7F               80
        BANK2            000200-0002FF              100
        BANK3            000300-0003FF              100
        BANK4            000400-0004FF              100
        BANK5            000500-0005FF              100
        BANK6            000600-0006FF              100
        BANK7            000700-0007FF              100
        BANK8            000800-0008FF              100
        BANK9            000900-0009FF              100
        BIGRAM           000073-00007F                D
                         0000F3-000F7F              E8D
        CODE             000004-00E3CF             E3CC
        COMRAM           000073-00007F                D
        CONST            000004-00E3CF             E3CC
        EEDATA           F00000-F003FF              400
        MEDIUMCONST      001000-00E3CF             D3D0
        RAM              0000F3-000F7F              100
        SFR              000F80-000FFF               80
        SMALLCONST       001000-00E3CF              100
        STACK            0000F3-000F7F              E8D

                                  Symbol Table

?___ftadd                cstackCOMRAM 00002A
?___ftdiv                cstackCOMRAM 00001B
?___ftmul                cstackCOMRAM 00000C
?___ftneg                cstackCOMRAM 000001
?___ftpack               cstackCOMRAM 000001
?___ftsub                cstackCOMRAM 000036
?___fttol                cstackCOMRAM 00001B
?___lldiv                cstackCOMRAM 000001
?___llmod                cstackCOMRAM 00000E
?___lltoft               cstackCOMRAM 000009
?___lwdiv                cstackCOMRAM 000001
?___lwmod                cstackCOMRAM 000001
?___lwtoft               cstackCOMRAM 000009
?___wmul                 cstackCOMRAM 000001
?_ftoa                   cstackCOMRAM 00003C
?_mass                   cstackCOMRAM 000036
?_myadc                  cstackCOMRAM 000001
?_sprintf                cstackCOMRAM 000017
_ADCON0                  (abs)        000FC2
_ADCON0bits              (abs)        000FC2
_ADCON1                  (abs)        000FC1
_ADCON2                  (abs)        000FC0
_ADRESH                  (abs)        000FC4
_ADRESL                  (abs)        000FC3
_LATA                    (abs)        000F89
_LATB                    (abs)        000F8A
_LATBbits                (abs)        000F8A
_LATC                    (abs)        000F8B
_LATCbits                (abs)        000F8B
_LATD                    (abs)        000F8C
_LATE                    (abs)        000F8D
_LATEbits                (abs)        000F8D
_PORTAbits               (abs)        000F80
_PORTBbits               (abs)        000F81
_PORTD                   (abs)        000F83
_PORTEbits               (abs)        000F84
_TRISA                   (abs)        000F92
_TRISB                   (abs)        000F93
_TRISC                   (abs)        000F94
_TRISD                   (abs)        000F95
_TRISE                   (abs)        000F96
__CFG_WDT$OFF            (abs)        000000
__HRAM                   (abs)        000000
__Habs1                  abs1         000000
__Hbank0                 bank0        000000
__Hbank1                 bank1        000000
__Hbank10                bank10       000000
__Hbank11                bank11       000000
__Hbank12                bank12       000000
__Hbank13                bank13       000000
__Hbank14                bank14       000000
__Hbank15                bank15       000000
__Hbank2                 bank2        000000
__Hbank3                 bank3        000000
__Hbank4                 bank4        000000
__Hbank5                 bank5        000000
__Hbank6                 bank6        000000
__Hbank7                 bank7        000000
__Hbank8                 bank8        000000
__Hbank9                 bank9        000000
__Hbigbss                bigbss       000000
__Hbigdata               bigdata      000000
__Hbigram                bigram       000000
__Hbss                   bss          000000
__HbssBANK0              bssBANK0     000000
__HbssCOMRAM             bssCOMRAM    000000
__Hcinit                 cinit        000000
__Hclrtext               clrtext      000000
__Hcomram                comram       000000
__Hconfig                config       30000E
__Hconst                 const        000000
__HcstackBANK0           cstackBANK0  000000
__HcstackCOMRAM          cstackCOMRAM 000000
__Hdata                  data         000000
__HdataCOMRAM            dataCOMRAM   000000
__Heeprom_data           eeprom_data  000000
__Hfarbss                farbss       000000
__Hfardata               fardata      000000
__Hibigdata              ibigdata     000000
__Hidata                 idata        000000
__HidataCOMRAM           idataCOMRAM  000000
__Hidloc                 idloc        200008
__Hifardata              ifardata     000000
__Hinit                  init         000004
__Hintcode               intcode      000000
__Hintcode_body          intcode_body 000000
__Hintcodelo             intcodelo    000000
__Hintentry              intentry     000000
__Hintret                intret       000000
__Hintsave_regs          intsave_regs 000000
__Hirdata                irdata       000000
__Hmediumconst           mediumconst  010000
__HnvFARRAM              nvFARRAM     000000
__Hnvbit                 nvbit        000000
__Hnvrram                nvrram       000000
__Hparam                 rparam       000000
__Hpowerup               powerup      000000
__Hram                   ram          000000
__Hramtop                ramtop       001000
__Hrbit                  rbit         000000
__Hrbss                  rbss         000000
__Hrdata                 rdata        000000
__Hreset_vec             reset_vec    000000
__Hrparam                rparam       000000
__Hsfr                   sfr          000000
__Hsmallconst            smallconst   000000
__Hspace_0               (abs)        30000E
__Hspace_1               (abs)        0000F3
__Hspace_2               (abs)        000000
__Hstack                 stack        000000
__Hstruct                struct       000000
__Htemp                  temp         000000
__Htext                  text         000000
__Htext0                 text0        000000
__Htext1                 text1        000000
__Htext10                text10       000000
__Htext11                text11       000000
__Htext12                text12       000000
__Htext13                text13       000000
__Htext14                text14       000000
__Htext15                text15       000000
__Htext16                text16       000000
__Htext17                text17       000000
__Htext18                text18       000000
__Htext19                text19       000000
__Htext2                 text2        000000
__Htext20                text20       000000
__Htext21                text21       000000
__Htext22                text22       000000
__Htext23                text23       000000
__Htext24                text24       000000
__Htext25                text25       000000
__Htext26                text26       000000
__Htext27                text27       000000
__Htext28                text28       000000
__Htext29                text29       000000
__Htext3                 text3        000000
__Htext30                text30       000000
__Htext31                text31       000000
__Htext32                text32       000000
__Htext33                text33       000000
__Htext34                text34       000000
__Htext35                text35       000000
__Htext36                text36       000000
__Htext37                text37       000000
__Htext38                text38       000000
__Htext39                text39       000000
__Htext4                 text4        000000
__Htext40                text40       000000
__Htext41                text41       000000
__Htext42                text42       000000
__Htext43                text43       000000
__Htext44                text44       000000
__Htext45                text45       000000
__Htext5                 text5        000000
__Htext6                 text6        000000
__Htext7                 text7        000000
__Htext8                 text8        000000
__Htext9                 text9        000000
__LRAM                   (abs)        000001
__Labs1                  abs1         000000
__Lbank0                 bank0        000000
__Lbank1                 bank1        000000
__Lbank10                bank10       000000
__Lbank11                bank11       000000
__Lbank12                bank12       000000
__Lbank13                bank13       000000
__Lbank14                bank14       000000
__Lbank15                bank15       000000
__Lbank2                 bank2        000000
__Lbank3                 bank3        000000
__Lbank4                 bank4        000000
__Lbank5                 bank5        000000
__Lbank6                 bank6        000000
__Lbank7                 bank7        000000
__Lbank8                 bank8        000000
__Lbank9                 bank9        000000
__Lbigbss                bigbss       000000
__Lbigdata               bigdata      000000
__Lbigram                bigram       000000
__Lbss                   bss          000000
__LbssBANK0              bssBANK0     000000
__LbssCOMRAM             bssCOMRAM    000000
__Lcinit                 cinit        000000
__Lclrtext               clrtext      000000
__Lcomram                comram       000000
__Lconfig                config       300000
__Lconst                 const        000000
__LcstackBANK0           cstackBANK0  000000
__LcstackCOMRAM          cstackCOMRAM 000000
__Ldata                  data         000000
__LdataCOMRAM            dataCOMRAM   000000
__Leeprom_data           eeprom_data  000000
__Lfarbss                farbss       000000
__Lfardata               fardata      000000
__Libigdata              ibigdata     000000
__Lidata                 idata        000000
__LidataCOMRAM           idataCOMRAM  000000
__Lidloc                 idloc        200000
__Lifardata              ifardata     000000
__Linit                  init         000000
__Lintcode               intcode      000000
__Lintcode_body          intcode_body 000000
__Lintcodelo             intcodelo    000000
__Lintentry              intentry     000000
__Lintret                intret       000000
__Lintsave_regs          intsave_regs 000000
__Lirdata                irdata       000000
__Lmediumconst           mediumconst  00FEF0
__LnvFARRAM              nvFARRAM     000000
__Lnvbit                 nvbit        000000
__Lnvrram                nvrram       000000
__Lparam                 rparam       000000
__Lpowerup               powerup      000000
__Lram                   ram          000000
__Lramtop                ramtop       001000
__Lrbit                  rbit         000000
__Lrbss                  rbss         000000
__Lrdata                 rdata        000000
__Lreset_vec             reset_vec    000000
__Lrparam                rparam       000000
__Lsfr                   sfr          000000
__Lsmallconst            smallconst   000000
__Lspace_0               (abs)        000000
__Lspace_1               (abs)        000000
__Lspace_2               (abs)        000000
__Lstack                 stack        000000
__Lstruct                struct       000000
__Ltemp                  temp         000000
__Ltext                  text         000000
__Ltext0                 text0        000000
__Ltext1                 text1        000000
__Ltext10                text10       000000
__Ltext11                text11       000000
__Ltext12                text12       000000
__Ltext13                text13       000000
__Ltext14                text14       000000
__Ltext15                text15       000000
__Ltext16                text16       000000
__Ltext17                text17       000000
__Ltext18                text18       000000
__Ltext19                text19       000000
__Ltext2                 text2        000000
__Ltext20                text20       000000
__Ltext21                text21       000000
__Ltext22                text22       000000
__Ltext23                text23       000000
__Ltext24                text24       000000
__Ltext25                text25       000000
__Ltext26                text26       000000
__Ltext27                text27       000000
__Ltext28                text28       000000
__Ltext29                text29       000000
__Ltext3                 text3        000000
__Ltext30                text30       000000
__Ltext31                text31       000000
__Ltext32                text32       000000
__Ltext33                text33       000000
__Ltext34                text34       000000
__Ltext35                text35       000000
__Ltext36                text36       000000
__Ltext37                text37       000000
__Ltext38                text38       000000
__Ltext39                text39       000000
__Ltext4                 text4        000000
__Ltext40                text40       000000
__Ltext41                text41       000000
__Ltext42                text42       000000
__Ltext43                text43       000000
__Ltext44                text44       000000
__Ltext45                text45       000000
__Ltext5                 text5        000000
__Ltext6                 text6        000000
__Ltext7                 text7        000000
__Ltext8                 text8        000000
__Ltext9                 text9        000000
__S0                     (abs)        30000E
__S1                     (abs)        0000F3
__S2                     (abs)        000000
___ftadd                 text35       00F3B0
___ftadd@exp1            cstackCOMRAM 000035
___ftadd@exp2            cstackCOMRAM 000034
___ftadd@f1              cstackCOMRAM 00002A
___ftadd@f2              cstackCOMRAM 00002D
___ftadd@sign            cstackCOMRAM 000033
___ftdiv                 text24       00EEC8
___ftdiv@cntr            cstackCOMRAM 000024
___ftdiv@exp             cstackCOMRAM 000028
___ftdiv@f1              cstackCOMRAM 00001B
___ftdiv@f2              cstackCOMRAM 00001E
___ftdiv@f3              cstackCOMRAM 000025
___ftdiv@sign            cstackCOMRAM 000029
___ftge                  text39       00EC1E
___ftge@ff1              cstackCOMRAM 000036
___ftge@ff2              cstackCOMRAM 000039
___ftmul                 text37       00EFAE
___ftmul@cntr            cstackCOMRAM 000019
___ftmul@exp             cstackCOMRAM 000015
___ftmul@f1              cstackCOMRAM 00000C
___ftmul@f2              cstackCOMRAM 00000F
___ftmul@f3_as_product   cstackCOMRAM 000016
___ftmul@sign            cstackCOMRAM 00001A
___ftneg                 text36       00E430
___ftneg@f1              cstackCOMRAM 000001
___ftpack                text38       00ED52
___ftpack@arg            cstackCOMRAM 000001
___ftpack@exp            cstackCOMRAM 000004
___ftpack@sign           cstackCOMRAM 000005
___ftsub                 text34       00E63A
___ftsub@f1              cstackCOMRAM 000036
___ftsub@f2              cstackCOMRAM 000039
___fttol                 text33       00F0A2
___fttol@exp1            cstackCOMRAM 000029
___fttol@f1              cstackCOMRAM 00001B
___fttol@lval            cstackCOMRAM 000025
___fttol@sign1           cstackCOMRAM 000024
___inthi_sp              stack        000000
___intlo_sp              stack        000000
___lldiv                 text31       00EB14
___lldiv@counter         cstackCOMRAM 00000D
___lldiv@dividend        cstackCOMRAM 000001
___lldiv@divisor         cstackCOMRAM 000005
___lldiv@quotient        cstackCOMRAM 000009
___llmod                 text30       00E94A
___llmod@counter         cstackCOMRAM 000016
___llmod@dividend        cstackCOMRAM 00000E
___llmod@divisor         cstackCOMRAM 000012
___lltoft                text32       00E834
___lltoft@c              cstackCOMRAM 000009
___lltoft@exp            cstackCOMRAM 000011
___lwdiv                 text18       00E786
___lwdiv@counter         cstackCOMRAM 000007
___lwdiv@dividend        cstackCOMRAM 000001
___lwdiv@divisor         cstackCOMRAM 000003
___lwdiv@quotient        cstackCOMRAM 000005
___lwmod                 text17       00E67A
___lwmod@counter         cstackCOMRAM 000005
___lwmod@dividend        cstackCOMRAM 000001
___lwmod@divisor         cstackCOMRAM 000003
___lwtoft                text23       00E454
___lwtoft@c              cstackCOMRAM 000009
___param_bank            (abs)        000000
___rparam_used           (abs)        000001
___sp                    stack        000000
___wmul                  text29       00E49C
___wmul@multiplicand     cstackCOMRAM 000003
___wmul@multiplier       cstackCOMRAM 000001
___wmul@product          cstackCOMRAM 000005
__accesstop              (abs)        000080
__activetblptr           (abs)        000002
__end_of___ftadd         text35       00F55C
__end_of___ftdiv         text24       00EFAE
__end_of___ftge          text39       00ECAE
__end_of___ftmul         text37       00F0A2
__end_of___ftneg         text36       00E454
__end_of___ftpack        text38       00EE00
__end_of___ftsub         text34       00E67A
__end_of___fttol         text33       00F196
__end_of___lldiv         text31       00EB96
__end_of___llmod         text30       00E9B0
__end_of___lltoft        text32       00E890
__end_of___lwdiv         text18       00E7D8
__end_of___lwmod         text17       00E6BC
__end_of___lwtoft        text23       00E478
__end_of___wmul          text29       00E4C2
__end_of__initialization cinit        00E630
__end_of_atraso_ms       text43       00E600
__end_of_button          text11       00E596
__end_of_cycle           text3        00F2A2
__end_of_dpowers         mediumconst  00FF19
__end_of_ftoa            text26       00F3B0
__end_of_init_adc        text45       00E3E8
__end_of_init_ports      text44       00E4EC
__end_of_inlet           text25       00E3F6
__end_of_isdigit         text28       00E430
__end_of_itoa            text15       00E6FE
__end_of_lcd_cmd         text41       00E516
__end_of_lcd_dat         text14       00E540
__end_of_lcd_init        text40       00E834
__end_of_lcd_str         text13       00EB14
__end_of_lcd_wr          text42       00E3DA
__end_of_lock            text12       00E56A
__end_of_main            text0        00E49C
__end_of_mass            text21       00EC1E
__end_of_menu            text2        00F772
__end_of_motor           text20       00E404
__end_of_myadc           text22       00E5CA
__end_of_mydelay         text10       00E94A
__end_of_operate         text5        00FEF0
__end_of_outlet          text19       00E412
__end_of_remaintime      text7        00EEC8
__end_of_spin            text4        00EA1A
__end_of_sprintf         text27       00FA9E
__end_of_status          text6        00E8EC
__end_of_stop            text1        00EA94
__end_of_strcat          text9        00E740
__end_of_strcpy          text8        00E786
__end_of_utoa            text16       00ED52
__initialization         cinit        00E600
__mediumconst            mediumconst  00FEF0
__pbssBANK0              bssBANK0     0000D0
__pbssCOMRAM             bssCOMRAM    00005A
__pcinit                 cinit        00E600
__pcstackBANK0           cstackBANK0  000080
__pcstackCOMRAM          cstackCOMRAM 000001
__pdataCOMRAM            dataCOMRAM   000071
__pidataCOMRAM           idataCOMRAM  00E3D0
__pmediumconst           mediumconst  00FEF0
__ptext0                 text0        00E478
__ptext1                 text1        00EA1A
__ptext10                text10       00E8EC
__ptext11                text11       00E56A
__ptext12                text12       00E540
__ptext13                text13       00EA94
__ptext14                text14       00E516
__ptext15                text15       00E6BC
__ptext16                text16       00ECAE
__ptext17                text17       00E67A
__ptext18                text18       00E786
__ptext19                text19       00E404
__ptext2                 text2        00F55C
__ptext20                text20       00E3F6
__ptext21                text21       00EB96
__ptext22                text22       00E596
__ptext23                text23       00E454
__ptext24                text24       00EEC8
__ptext25                text25       00E3E8
__ptext26                text26       00F2A2
__ptext27                text27       00F772
__ptext28                text28       00E412
__ptext29                text29       00E49C
__ptext3                 text3        00F196
__ptext30                text30       00E94A
__ptext31                text31       00EB14
__ptext32                text32       00E834
__ptext33                text33       00F0A2
__ptext34                text34       00E63A
__ptext35                text35       00F3B0
__ptext36                text36       00E430
__ptext37                text37       00EFAE
__ptext38                text38       00ED52
__ptext39                text39       00EC1E
__ptext4                 text4        00E9B0
__ptext40                text40       00E7D8
__ptext41                text41       00E4EC
__ptext42                text42       00E3D2
__ptext43                text43       00E5CA
__ptext44                text44       00E4C2
__ptext45                text45       00E3DA
__ptext5                 text5        00FA9E
__ptext6                 text6        00E890
__ptext7                 text7        00EE00
__ptext8                 text8        00E740
__ptext9                 text9        00E6FE
__ramtop                 ramtop       001000
__size_of___ftadd        (abs)        000000
__size_of___ftdiv        (abs)        000000
__size_of___ftge         (abs)        000000
__size_of___ftmul        (abs)        000000
__size_of___ftneg        (abs)        000000
__size_of___ftpack       (abs)        000000
__size_of___ftsub        (abs)        000000
__size_of___fttol        (abs)        000000
__size_of___lldiv        (abs)        000000
__size_of___llmod        (abs)        000000
__size_of___lltoft       (abs)        000000
__size_of___lwdiv        (abs)        000000
__size_of___lwmod        (abs)        000000
__size_of___lwtoft       (abs)        000000
__size_of___wmul         (abs)        000000
__size_of_atraso_ms      (abs)        000000
__size_of_button         (abs)        000000
__size_of_cycle          (abs)        000000
__size_of_ftoa           (abs)        000000
__size_of_init_adc       (abs)        000000
__size_of_init_ports     (abs)        000000
__size_of_inlet          (abs)        000000
__size_of_isdigit        (abs)        000000
__size_of_itoa           (abs)        000000
__size_of_lcd_cmd        (abs)        000000
__size_of_lcd_dat        (abs)        000000
__size_of_lcd_init       (abs)        000000
__size_of_lcd_str        (abs)        000000
__size_of_lcd_wr         (abs)        000000
__size_of_lock           (abs)        000000
__size_of_main           (abs)        000000
__size_of_mass           (abs)        000000
__size_of_menu           (abs)        000000
__size_of_motor          (abs)        000000
__size_of_myadc          (abs)        000000
__size_of_mydelay        (abs)        000000
__size_of_operate        (abs)        000000
__size_of_outlet         (abs)        000000
__size_of_remaintime     (abs)        000000
__size_of_spin           (abs)        000000
__size_of_sprintf        (abs)        000000
__size_of_status         (abs)        000000
__size_of_stop           (abs)        000000
__size_of_strcat         (abs)        000000
__size_of_strcpy         (abs)        000000
__size_of_utoa           (abs)        000000
__smallconst             smallconst   000000
_atraso_ms               text43       00E5CA
_b                       bssBANK0     0000D0
_buff                    bssCOMRAM    00005F
_button                  text11       00E56A
_cycl                    dataCOMRAM   000071
_cycle                   text3        00F196
_dpowers                 mediumconst  00FEF1
_ftoa                    text26       00F2A2
_init_adc                text45       00E3DA
_init_ports              text44       00E4C2
_inlet                   text25       00E3E8
_isdigit                 text28       00E412
_isdigit$919             cstackCOMRAM 000002
_itoa                    text15       00E6BC
_lcd_cmd                 text41       00E4EC
_lcd_dat                 text14       00E516
_lcd_init                text40       00E7D8
_lcd_str                 text13       00EA94
_lcd_wr                  text42       00E3D2
_lock                    text12       00E540
_main                    text0        00E478
_mass                    text21       00EB96
_massindrum              bssCOMRAM    00005A
_menu                    text2        00F55C
_motor                   text20       00E3F6
_myadc                   text22       00E596
_mydelay                 text10       00E8EC
_operate                 text5        00FA9E
_outlet                  text19       00E404
_remaintime              text7        00EE00
_speedofdrum             bssCOMRAM    00005D
_spin                    text4        00E9B0
_sprintf                 text27       00F772
_status                  text6        00E890
_stop                    text1        00EA1A
_str                     bssBANK0     0000E3
_str1                    bssCOMRAM    000061
_strcat                  text9        00E6FE
_strcpy                  text8        00E740
_utoa                    text16       00ECAE
atraso_ms@i              cstackCOMRAM 000003
atraso_ms@j              cstackCOMRAM 000005
atraso_ms@valor          cstackCOMRAM 000001
cycle@c                  cstackCOMRAM 000054
end_of_initialization    cinit        00E630
ftoa@buf                 bssBANK0     0000D2
ftoa@cp                  cstackCOMRAM 000049
ftoa@f                   cstackCOMRAM 00003C
ftoa@l                   cstackCOMRAM 000045
ftoa@rem                 cstackCOMRAM 000041
ftoa@status              cstackCOMRAM 00003F
inlet@i                  cstackCOMRAM 000001
intlevel0                text         000000
intlevel1                text         000000
intlevel2                text         000000
intlevel3                text         000000
isdigit@c                cstackCOMRAM 000003
itoa@base                cstackCOMRAM 000015
itoa@buf                 cstackCOMRAM 000011
itoa@cp                  cstackCOMRAM 000017
itoa@val                 cstackCOMRAM 000013
lcd_cmd@val              cstackCOMRAM 000006
lcd_dat@val              cstackCOMRAM 000006
lcd_str@i                cstackCOMRAM 00000B
lcd_str@str              cstackCOMRAM 000007
lcd_wr@val               cstackCOMRAM 000001
mass@f                   cstackCOMRAM 000039
mass@m                   cstackCOMRAM 00003C
menu@menu                cstackBANK0  000080
motor@m                  cstackCOMRAM 000001
myadc@a                  cstackCOMRAM 000006
myadc@ch                 cstackCOMRAM 000005
mydelay@ii               cstackCOMRAM 00000A
mydelay@n                cstackCOMRAM 000007
operate@maxmass          cstackCOMRAM 00004B
operate@s                cstackCOMRAM 000053
operate@stat             cstackCOMRAM 000051
operate@washtime         cstackCOMRAM 00004E
outlet@o                 cstackCOMRAM 000001
remaintime@i             cstackCOMRAM 00001D
remaintime@t             cstackCOMRAM 000019
spin@spindelay           cstackCOMRAM 00001F
sprintf@ap               cstackCOMRAM 000028
sprintf@c                cstackCOMRAM 000032
sprintf@f                cstackCOMRAM 000019
sprintf@flag             cstackCOMRAM 000027
sprintf@prec             cstackCOMRAM 000030
sprintf@sp               cstackCOMRAM 000017
sprintf@val              cstackCOMRAM 00002A
sprintf@width            cstackCOMRAM 00002E
stackhi                  (abs)        000F7F
stacklo                  (abs)        0000F3
start                    init         000000
start_initialization     cinit        00E600
status@c                 cstackCOMRAM 000001
status@s                 cstackCOMRAM 000002
strcat@cp                cstackCOMRAM 000005
strcat@from              cstackCOMRAM 000003
strcat@to                cstackCOMRAM 000001
strcpy@cp                cstackCOMRAM 000005
strcpy@from              cstackCOMRAM 000003
strcpy@to                cstackCOMRAM 000001
utoa@base                cstackCOMRAM 00000C
utoa@buf                 cstackCOMRAM 000008
utoa@c                   cstackCOMRAM 000010
utoa@v                   cstackCOMRAM 00000E
utoa@val                 cstackCOMRAM 00000A


FUNCTION INFORMATION:

 *************** function _main *****************
 Defined at:
		line 69 in file "WMC_2.c"
 Parameters:    Size  Location     Type
		None
 Auto vars:     Size  Location     Type
		None
 Return value:  Size  Location     Type
                  1    wreg      void 
 Registers used:
		wreg, fsr0l, fsr0h, fsr1l, fsr1h, fsr2l, fsr2h, status,2, status,0, tblptrl, tblptrh, tblptru, prodl, prodh, cstack
 Tracked objects:
		On entry : 
		On exit  : 
		Unchanged: 
 Data sizes:     COMRAM   BANK0   BANK1   BANK2   BANK3   BANK4   BANK5   BANK6   BANK7   BANK8   BANK9  BANK10  BANK11  BANK12  BANK13  BANK14  BANK15
      Params:         0       0       0       0       0       0       0       0       0       0       0       0       0       0       0       0       0
      Locals:         0       0       0       0       0       0       0       0       0       0       0       0       0       0       0       0       0
      Temps:          0       0       0       0       0       0       0       0       0       0       0       0       0       0       0       0       0
      Totals:         0       0       0       0       0       0       0       0       0       0       0       0       0       0       0       0       0
Total ram usage:        0 bytes
 Hardware stack levels required when called:    8
 This function calls:
		_init_adc
		_init_ports
		_lcd_init
		_menu
		_stop
 This function is called by:
		Startup code after reset
 This function uses a non-reentrant model


 *************** function _stop *****************
 Defined at:
		line 446 in file "WMC_2.c"
 Parameters:    Size  Location     Type
		None
 Auto vars:     Size  Location     Type
		None
 Return value:  Size  Location     Type
                  1    wreg      void 
 Registers used:
		wreg, fsr0l, fsr0h, status,2, status,0, tblptrl, tblptrh, tblptru, prodl, prodh, cstack
 Tracked objects:
		On entry : 
		On exit  : 
		Unchanged: 
 Data sizes:     COMRAM   BANK0   BANK1   BANK2   BANK3   BANK4   BANK5   BANK6   BANK7   BANK8   BANK9  BANK10  BANK11  BANK12  BANK13  BANK14  BANK15
      Params:         0       0       0       0       0       0       0       0       0       0       0       0       0       0       0       0       0
      Locals:         0       0       0       0       0       0       0       0       0       0       0       0       0       0       0       0       0
      Temps:          0       0       0       0       0       0       0       0       0       0       0       0       0       0       0       0       0
      Totals:         0       0       0       0       0       0       0       0       0       0       0       0       0       0       0       0       0
Total ram usage:        0 bytes
 Hardware stack levels used:    1
 Hardware stack levels required when called:    3
 This function calls:
		_atraso_ms
		_inlet
		_lcd_cmd
		_lcd_str
		_outlet
		_status
 This function is called by:
		_main
 This function uses a non-reentrant model


 *************** function _menu *****************
 Defined at:
		line 350 in file "WMC_2.c"
 Parameters:    Size  Location     Type
		None
 Auto vars:     Size  Location     Type
  menu           80    0[BANK0 ] unsigned char [20][4]
 Return value:  Size  Location     Type
                  1    wreg      void 
 Registers used:
		wreg, fsr0l, fsr0h, fsr1l, fsr1h, fsr2l, fsr2h, status,2, status,0, tblptrl, tblptrh, tblptru, prodl, prodh, cstack
 Tracked objects:
		On entry : 
		On exit  : 
		Unchanged: 
 Data sizes:     COMRAM   BANK0   BANK1   BANK2   BANK3   BANK4   BANK5   BANK6   BANK7   BANK8   BANK9  BANK10  BANK11  BANK12  BANK13  BANK14  BANK15
      Params:         0       0       0       0       0       0       0       0       0       0       0       0       0       0       0       0       0
      Locals:         0      80       0       0       0       0       0       0       0       0       0       0       0       0       0       0       0
      Temps:          2       0       0       0       0       0       0       0       0       0       0       0       0       0       0       0       0
      Totals:         2      80       0       0       0       0       0       0       0       0       0       0       0       0       0       0       0
Total ram usage:       82 bytes
 Hardware stack levels used:    1
 Hardware stack levels required when called:    7
 This function calls:
		_button
		_cycle
		_lcd_cmd
		_lcd_str
		_strcpy
 This function is called by:
		_main
 This function uses a non-reentrant model


 *************** function _cycle *****************
 Defined at:
		line 322 in file "WMC_2.c"
 Parameters:    Size  Location     Type
  c               2   83[COMRAM] int 
 Auto vars:     Size  Location     Type
		None
 Return value:  Size  Location     Type
                  1    wreg      void 
 Registers used:
		wreg, fsr0l, fsr0h, fsr1l, fsr1h, fsr2l, fsr2h, status,2, status,0, tblptrl, tblptrh, tblptru, prodl, prodh, cstack
 Tracked objects:
		On entry : 
		On exit  : 
		Unchanged: 
 Data sizes:     COMRAM   BANK0   BANK1   BANK2   BANK3   BANK4   BANK5   BANK6   BANK7   BANK8   BANK9  BANK10  BANK11  BANK12  BANK13  BANK14  BANK15
      Params:         2       0       0       0       0       0       0       0       0       0       0       0       0       0       0       0       0
      Locals:         0       0       0       0       0       0       0       0       0       0       0       0       0       0       0       0       0
      Temps:          2       0       0       0       0       0       0       0       0       0       0       0       0       0       0       0       0
      Totals:         4       0       0       0       0       0       0       0       0       0       0       0       0       0       0       0       0
Total ram usage:        4 bytes
 Hardware stack levels used:    1
 Hardware stack levels required when called:    6
 This function calls:
		_operate
		_spin
		_status
 This function is called by:
		_menu
 This function uses a non-reentrant model


 *************** function _spin *****************
 Defined at:
		line 303 in file "WMC_2.c"
 Parameters:    Size  Location     Type
  spindelay       2   30[COMRAM] int 
 Auto vars:     Size  Location     Type
		None
 Return value:  Size  Location     Type
                  1    wreg      void 
 Registers used:
		wreg, fsr0l, fsr0h, fsr1l, fsr1h, fsr2l, fsr2h, status,2, status,0, tblptrl, tblptrh, tblptru, prodl, prodh, cstack
 Tracked objects:
		On entry : 
		On exit  : 
		Unchanged: 
 Data sizes:     COMRAM   BANK0   BANK1   BANK2   BANK3   BANK4   BANK5   BANK6   BANK7   BANK8   BANK9  BANK10  BANK11  BANK12  BANK13  BANK14  BANK15
      Params:         2       0       0       0       0       0       0       0       0       0       0       0       0       0       0       0       0
      Locals:         0       0       0       0       0       0       0       0       0       0       0       0       0       0       0       0       0
      Temps:          0       0       0       0       0       0       0       0       0       0       0       0       0       0       0       0       0
      Totals:         2       0       0       0       0       0       0       0       0       0       0       0       0       0       0       0       0
Total ram usage:        2 bytes
 Hardware stack levels used:    1
 Hardware stack levels required when called:    5
 This function calls:
		_lcd_cmd
		_lcd_str
		_motor
		_outlet
		_remaintime
		_status
 This function is called by:
		_cycle
 This function uses a non-reentrant model


 *************** function _operate *****************
 Defined at:
		line 195 in file "WMC_2.c"
 Parameters:    Size  Location     Type
  s               1    wreg     unsigned char 
  maxmass         3   74[COMRAM] float 
  washtime        2   77[COMRAM] int 
 Auto vars:     Size  Location     Type
  s               1   82[COMRAM] unsigned char 
  stat            2   80[COMRAM] int 
 Return value:  Size  Location     Type
                  1    wreg      void 
 Registers used:
		wreg, fsr0l, fsr0h, fsr1l, fsr1h, fsr2l, fsr2h, status,2, status,0, tblptrl, tblptrh, tblptru, prodl, prodh, cstack
 Tracked objects:
		On entry : 
		On exit  : 
		Unchanged: 
 Data sizes:     COMRAM   BANK0   BANK1   BANK2   BANK3   BANK4   BANK5   BANK6   BANK7   BANK8   BANK9  BANK10  BANK11  BANK12  BANK13  BANK14  BANK15
      Params:         5       0       0       0       0       0       0       0       0       0       0       0       0       0       0       0       0
      Locals:         3       0       0       0       0       0       0       0       0       0       0       0       0       0       0       0       0
      Temps:          1       0       0       0       0       0       0       0       0       0       0       0       0       0       0       0       0
      Totals:         9       0       0       0       0       0       0       0       0       0       0       0       0       0       0       0       0
Total ram usage:        9 bytes
 Hardware stack levels used:    1
 Hardware stack levels required when called:    5
 This function calls:
		___ftadd
		___ftge
		_button
		_ftoa
		_inlet
		_lcd_cmd
		_lcd_str
		_mass
		_motor
		_mydelay
		_outlet
		_remaintime
		_status
		_strcat
		_strcpy
 This function is called by:
		_cycle
 This function uses a non-reentrant model


 *************** function _status *****************
 Defined at:
		line 167 in file "WMC_2.c"
 Parameters:    Size  Location     Type
  s               1    wreg     unsigned char 
  c               1    0[COMRAM] unsigned char 
 Auto vars:     Size  Location     Type
  s               1    1[COMRAM] unsigned char 
 Return value:  Size  Location     Type
                  1    wreg      void 
 Registers used:
		wreg, status,2, status,0
 Tracked objects:
		On entry : 
		On exit  : 
		Unchanged: 
 Data sizes:     COMRAM   BANK0   BANK1   BANK2   BANK3   BANK4   BANK5   BANK6   BANK7   BANK8   BANK9  BANK10  BANK11  BANK12  BANK13  BANK14  BANK15
      Params:         1       0       0       0       0       0       0       0       0       0       0       0       0       0       0       0       0
      Locals:         1       0       0       0       0       0       0       0       0       0       0       0       0       0       0       0       0
      Temps:          0       0       0       0       0       0       0       0       0       0       0       0       0       0       0       0       0
      Totals:         2       0       0       0       0       0       0       0       0       0       0       0       0       0       0       0       0
Total ram usage:        2 bytes
 Hardware stack levels used:    1
 This function calls:
		Nothing
 This function is called by:
		_operate
		_spin
		_cycle
		_stop
 This function uses a non-reentrant model


 *************** function _remaintime *****************
 Defined at:
		line 429 in file "WMC_2.c"
 Parameters:    Size  Location     Type
  t               2   24[COMRAM] int 
 Auto vars:     Size  Location     Type
  i               2   28[COMRAM] unsigned int 
 Return value:  Size  Location     Type
                  1    wreg      void 
 Registers used:
		wreg, fsr0l, fsr0h, fsr1l, fsr1h, fsr2l, fsr2h, status,2, status,0, tblptrl, tblptrh, tblptru, prodl, prodh, cstack
 Tracked objects:
		On entry : 
		On exit  : 
		Unchanged: 
 Data sizes:     COMRAM   BANK0   BANK1   BANK2   BANK3   BANK4   BANK5   BANK6   BANK7   BANK8   BANK9  BANK10  BANK11  BANK12  BANK13  BANK14  BANK15
      Params:         2       0       0       0       0       0       0       0       0       0       0       0       0       0       0       0       0
      Locals:         2       0       0       0       0       0       0       0       0       0       0       0       0       0       0       0       0
      Temps:          2       0       0       0       0       0       0       0       0       0       0       0       0       0       0       0       0
      Totals:         6       0       0       0       0       0       0       0       0       0       0       0       0       0       0       0       0
Total ram usage:        6 bytes
 Hardware stack levels used:    1
 Hardware stack levels required when called:    4
 This function calls:
		___wmul
		_itoa
		_lcd_cmd
		_lcd_str
		_lock
		_mydelay
		_strcat
		_strcpy
 This function is called by:
		_operate
		_spin
 This function uses a non-reentrant model


 *************** function _strcpy *****************
 Defined at:
		line 8 in file "C:\Program Files (x86)\Microchip\xc8\v1.41\sources\common\strcpy.c"
 Parameters:    Size  Location     Type
  to              2    0[COMRAM] PTR unsigned char 
		 -> menu@menu(80), str1(16), str(16), 
  from            2    2[COMRAM] PTR const unsigned char 
		 -> NULL(0), ftoa@buf(17), STR_21(12), STR_20(9), 
		 -> STR_19(13), STR_18(11), STR_17(14), STR_10(6), 
		 -> STR_4(6), 
 Auto vars:     Size  Location     Type
  cp              2    4[COMRAM] PTR unsigned char 
		 -> menu@menu(80), str1(16), str(16), 
 Return value:  Size  Location     Type
                  2    0[COMRAM] PTR unsigned char 
 Registers used:
		wreg, fsr0l, fsr0h, fsr2l, fsr2h, status,2, status,0, tblptrl, tblptrh, tblptru
 Tracked objects:
		On entry : 
		On exit  : 
		Unchanged: 
 Data sizes:     COMRAM   BANK0   BANK1   BANK2   BANK3   BANK4   BANK5   BANK6   BANK7   BANK8   BANK9  BANK10  BANK11  BANK12  BANK13  BANK14  BANK15
      Params:         4       0       0       0       0       0       0       0       0       0       0       0       0       0       0       0       0
      Locals:         2       0       0       0       0       0       0       0       0       0       0       0       0       0       0       0       0
      Temps:          0       0       0       0       0       0       0       0       0       0       0       0       0       0       0       0       0
      Totals:         6       0       0       0       0       0       0       0       0       0       0       0       0       0       0       0       0
Total ram usage:        6 bytes
 Hardware stack levels used:    1
 This function calls:
		Nothing
 This function is called by:
		_operate
		_menu
		_remaintime
 This function uses a non-reentrant model


 *************** function _strcat *****************
 Defined at:
		line 8 in file "C:\Program Files (x86)\Microchip\xc8\v1.41\sources\common\strcat.c"
 Parameters:    Size  Location     Type
  to              2    0[COMRAM] PTR unsigned char 
		 -> str1(16), str(16), 
  from            2    2[COMRAM] PTR const unsigned char 
		 -> str1(16), str(16), 
 Auto vars:     Size  Location     Type
  cp              2    4[COMRAM] PTR unsigned char 
		 -> str1(16), str(16), 
 Return value:  Size  Location     Type
                  2    0[COMRAM] PTR unsigned char 
 Registers used:
		wreg, fsr1l, fsr1h, fsr2l, fsr2h, status,2, status,0
 Tracked objects:
		On entry : 
		On exit  : 
		Unchanged: 
 Data sizes:     COMRAM   BANK0   BANK1   BANK2   BANK3   BANK4   BANK5   BANK6   BANK7   BANK8   BANK9  BANK10  BANK11  BANK12  BANK13  BANK14  BANK15
      Params:         4       0       0       0       0       0       0       0       0       0       0       0       0       0       0       0       0
      Locals:         2       0       0       0       0       0       0       0       0       0       0       0       0       0       0       0       0
      Temps:          0       0       0       0       0       0       0       0       0       0       0       0       0       0       0       0       0
      Totals:         6       0       0       0       0       0       0       0       0       0       0       0       0       0       0       0       0
Total ram usage:        6 bytes
 Hardware stack levels used:    1
 This function calls:
		Nothing
 This function is called by:
		_operate
		_remaintime
 This function uses a non-reentrant model


 *************** function _mydelay *****************
 Defined at:
		line 81 in file "WMC_2.c"
 Parameters:    Size  Location     Type
  n               2    6[COMRAM] int 
 Auto vars:     Size  Location     Type
  ii              2    9[COMRAM] int 
 Return value:  Size  Location     Type
                  1    wreg      void 
 Registers used:
		wreg, status,2, status,0, cstack
 Tracked objects:
		On entry : 
		On exit  : 
		Unchanged: 
 Data sizes:     COMRAM   BANK0   BANK1   BANK2   BANK3   BANK4   BANK5   BANK6   BANK7   BANK8   BANK9  BANK10  BANK11  BANK12  BANK13  BANK14  BANK15
      Params:         2       0       0       0       0       0       0       0       0       0       0       0       0       0       0       0       0
      Locals:         2       0       0       0       0       0       0       0       0       0       0       0       0       0       0       0       0
      Temps:          1       0       0       0       0       0       0       0       0       0       0       0       0       0       0       0       0
      Totals:         5       0       0       0       0       0       0       0       0       0       0       0       0       0       0       0       0
Total ram usage:        5 bytes
 Hardware stack levels used:    1
 Hardware stack levels required when called:    1
 This function calls:
		_button
 This function is called by:
		_operate
		_remaintime
 This function uses a non-reentrant model


 *************** function _button *****************
 Defined at:
		line 156 in file "WMC_2.c"
 Parameters:    Size  Location     Type
		None
 Auto vars:     Size  Location     Type
		None
 Return value:  Size  Location     Type
                  1    wreg      unsigned char 
 Registers used:
		wreg
 Tracked objects:
		On entry : 
		On exit  : 
		Unchanged: 
 Data sizes:     COMRAM   BANK0   BANK1   BANK2   BANK3   BANK4   BANK5   BANK6   BANK7   BANK8   BANK9  BANK10  BANK11  BANK12  BANK13  BANK14  BANK15
      Params:         0       0       0       0       0       0       0       0       0       0       0       0       0       0       0       0       0
      Locals:         0       0       0       0       0       0       0       0       0       0       0       0       0       0       0       0       0
      Temps:          0       0       0       0       0       0       0       0       0       0       0       0       0       0       0       0       0
      Totals:         0       0       0       0       0       0       0       0       0       0       0       0       0       0       0       0       0
Total ram usage:        0 bytes
 Hardware stack levels used:    1
 This function calls:
		Nothing
 This function is called by:
		_mydelay
		_operate
		_menu
 This function uses a non-reentrant model


 *************** function _lock *****************
 Defined at:
		line 464 in file "WMC_2.c"
 Parameters:    Size  Location     Type
		None
 Auto vars:     Size  Location     Type
		None
 Return value:  Size  Location     Type
                  1    wreg      void 
 Registers used:
		wreg, fsr0l, fsr0h, status,2, status,0, tblptrl, tblptrh, tblptru, prodl, prodh, cstack
 Tracked objects:
		On entry : 
		On exit  : 
		Unchanged: 
 Data sizes:     COMRAM   BANK0   BANK1   BANK2   BANK3   BANK4   BANK5   BANK6   BANK7   BANK8   BANK9  BANK10  BANK11  BANK12  BANK13  BANK14  BANK15
      Params:         0       0       0       0       0       0       0       0       0       0       0       0       0       0       0       0       0
      Locals:         0       0       0       0       0       0       0       0       0       0       0       0       0       0       0       0       0
      Temps:          0       0       0       0       0       0       0       0       0       0       0       0       0       0       0       0       0
      Totals:         0       0       0       0       0       0       0       0       0       0       0       0       0       0       0       0       0
Total ram usage:        0 bytes
 Hardware stack levels used:    1
 Hardware stack levels required when called:    3
 This function calls:
		_atraso_ms
		_lcd_cmd
		_lcd_str
 This function is called by:
		_remaintime
 This function uses a non-reentrant model


 *************** function _lcd_str *****************
 Defined at:
		line 76 in file "lcd.c"
 Parameters:    Size  Location     Type
  str             2    6[COMRAM] PTR const unsigned char 
		 -> STR_24(13), STR_23(17), STR_22(16), menu@menu(80), 
		 -> STR_16(5), STR_15(16), STR_14(6), STR_13(5), 
		 -> STR_12(9), STR_11(17), STR_9(6), STR_8(9), 
		 -> STR_7(7), STR_6(16), STR_5(17), str1(16), 
		 -> str(16), STR_3(17), STR_2(16), STR_1(16), 
 Auto vars:     Size  Location     Type
  i               1   10[COMRAM] unsigned char 
 Return value:  Size  Location     Type
                  1    wreg      void 
 Registers used:
		wreg, fsr0l, fsr0h, status,2, status,0, tblptrl, tblptrh, tblptru, prodl, prodh, cstack
 Tracked objects:
		On entry : 
		On exit  : 
		Unchanged: 
 Data sizes:     COMRAM   BANK0   BANK1   BANK2   BANK3   BANK4   BANK5   BANK6   BANK7   BANK8   BANK9  BANK10  BANK11  BANK12  BANK13  BANK14  BANK15
      Params:         2       0       0       0       0       0       0       0       0       0       0       0       0       0       0       0       0
      Locals:         1       0       0       0       0       0       0       0       0       0       0       0       0       0       0       0       0
      Temps:          2       0       0       0       0       0       0       0       0       0       0       0       0       0       0       0       0
      Totals:         5       0       0       0       0       0       0       0       0       0       0       0       0       0       0       0       0
Total ram usage:        5 bytes
 Hardware stack levels used:    1
 Hardware stack levels required when called:    2
 This function calls:
		_lcd_dat
 This function is called by:
		_operate
		_spin
		_menu
		_remaintime
		_stop
		_lock
 This function uses a non-reentrant model


 *************** function _lcd_dat *****************
 Defined at:
		line 46 in file "lcd.c"
 Parameters:    Size  Location     Type
  val             1    wreg     unsigned char 
 Auto vars:     Size  Location     Type
  val             1    5[COMRAM] unsigned char 
 Return value:  Size  Location     Type
                  1    wreg      void 
 Registers used:
		wreg, status,2, status,0, cstack
 Tracked objects:
		On entry : 
		On exit  : 
		Unchanged: 
 Data sizes:     COMRAM   BANK0   BANK1   BANK2   BANK3   BANK4   BANK5   BANK6   BANK7   BANK8   BANK9  BANK10  BANK11  BANK12  BANK13  BANK14  BANK15
      Params:         0       0       0       0       0       0       0       0       0       0       0       0       0       0       0       0       0
      Locals:         1       0       0       0       0       0       0       0       0       0       0       0       0       0       0       0       0
      Temps:          0       0       0       0       0       0       0       0       0       0       0       0       0       0       0       0       0
      Totals:         1       0       0       0       0       0       0       0       0       0       0       0       0       0       0       0       0
Total ram usage:        1 bytes
 Hardware stack levels used:    1
 Hardware stack levels required when called:    1
 This function calls:
		_atraso_ms
		_lcd_wr
 This function is called by:
		_lcd_str
 This function uses a non-reentrant model


 *************** function _itoa *****************
 Defined at:
		line 4 in file "C:\Program Files (x86)\Microchip\xc8\v1.41\sources\common\itoa.c"
 Parameters:    Size  Location     Type
  buf             2   16[COMRAM] PTR unsigned char 
		 -> str1(16), 
  val             2   18[COMRAM] int 
  base            2   20[COMRAM] int 
 Auto vars:     Size  Location     Type
  cp              2   22[COMRAM] PTR unsigned char 
		 -> str1(16), 
 Return value:  Size  Location     Type
                  2   16[COMRAM] PTR unsigned char 
 Registers used:
		wreg, fsr2l, fsr2h, status,2, status,0, cstack
 Tracked objects:
		On entry : 
		On exit  : 
		Unchanged: 
 Data sizes:     COMRAM   BANK0   BANK1   BANK2   BANK3   BANK4   BANK5   BANK6   BANK7   BANK8   BANK9  BANK10  BANK11  BANK12  BANK13  BANK14  BANK15
      Params:         6       0       0       0       0       0       0       0       0       0       0       0       0       0       0       0       0
      Locals:         2       0       0       0       0       0       0       0       0       0       0       0       0       0       0       0       0
      Temps:          0       0       0       0       0       0       0       0       0       0       0       0       0       0       0       0       0
      Totals:         8       0       0       0       0       0       0       0       0       0       0       0       0       0       0       0       0
Total ram usage:        8 bytes
 Hardware stack levels used:    1
 Hardware stack levels required when called:    2
 This function calls:
		_utoa
 This function is called by:
		_remaintime
 This function uses a non-reentrant model


 *************** function _utoa *****************
 Defined at:
		line 17 in file "C:\Program Files (x86)\Microchip\xc8\v1.41\sources\common\itoa.c"
 Parameters:    Size  Location     Type
  buf             2    7[COMRAM] PTR unsigned char 
		 -> str1(16), 
  val             2    9[COMRAM] unsigned int 
  base            2   11[COMRAM] int 
 Auto vars:     Size  Location     Type
  v               2   13[COMRAM] unsigned int 
  c               1   15[COMRAM] unsigned char 
 Return value:  Size  Location     Type
                  2    7[COMRAM] PTR unsigned char 
 Registers used:
		wreg, fsr2l, fsr2h, status,2, status,0, cstack
 Tracked objects:
		On entry : 
		On exit  : 
		Unchanged: 
 Data sizes:     COMRAM   BANK0   BANK1   BANK2   BANK3   BANK4   BANK5   BANK6   BANK7   BANK8   BANK9  BANK10  BANK11  BANK12  BANK13  BANK14  BANK15
      Params:         6       0       0       0       0       0       0       0       0       0       0       0       0       0       0       0       0
      Locals:         3       0       0       0       0       0       0       0       0       0       0       0       0       0       0       0       0
      Temps:          0       0       0       0       0       0       0       0       0       0       0       0       0       0       0       0       0
      Totals:         9       0       0       0       0       0       0       0       0       0       0       0       0       0       0       0       0
Total ram usage:        9 bytes
 Hardware stack levels used:    1
 Hardware stack levels required when called:    1
 This function calls:
		___lwdiv
		___lwmod
 This function is called by:
		_itoa
 This function uses a non-reentrant model


 *************** function ___lwmod *****************
 Defined at:
		line 8 in file "C:\Program Files (x86)\Microchip\xc8\v1.41\sources\common\lwmod.c"
 Parameters:    Size  Location     Type
  dividend        2    0[COMRAM] unsigned int 
  divisor         2    2[COMRAM] unsigned int 
 Auto vars:     Size  Location     Type
  counter         1    4[COMRAM] unsigned char 
 Return value:  Size  Location     Type
                  2    0[COMRAM] unsigned int 
 Registers used:
		wreg, status,2, status,0
 Tracked objects:
		On entry : 
		On exit  : 
		Unchanged: 
 Data sizes:     COMRAM   BANK0   BANK1   BANK2   BANK3   BANK4   BANK5   BANK6   BANK7   BANK8   BANK9  BANK10  BANK11  BANK12  BANK13  BANK14  BANK15
      Params:         4       0       0       0       0       0       0       0       0       0       0       0       0       0       0       0       0
      Locals:         1       0       0       0       0       0       0       0       0       0       0       0       0       0       0       0       0
      Temps:          0       0       0       0       0       0       0       0       0       0       0       0       0       0       0       0       0
      Totals:         5       0       0       0       0       0       0       0       0       0       0       0       0       0       0       0       0
Total ram usage:        5 bytes
 Hardware stack levels used:    1
 This function calls:
		Nothing
 This function is called by:
		_utoa
 This function uses a non-reentrant model


 *************** function ___lwdiv *****************
 Defined at:
		line 8 in file "C:\Program Files (x86)\Microchip\xc8\v1.41\sources\common\lwdiv.c"
 Parameters:    Size  Location     Type
  dividend        2    0[COMRAM] unsigned int 
  divisor         2    2[COMRAM] unsigned int 
 Auto vars:     Size  Location     Type
  quotient        2    4[COMRAM] unsigned int 
  counter         1    6[COMRAM] unsigned char 
 Return value:  Size  Location     Type
                  2    0[COMRAM] unsigned int 
 Registers used:
		wreg, status,2, status,0
 Tracked objects:
		On entry : 
		On exit  : 
		Unchanged: 
 Data sizes:     COMRAM   BANK0   BANK1   BANK2   BANK3   BANK4   BANK5   BANK6   BANK7   BANK8   BANK9  BANK10  BANK11  BANK12  BANK13  BANK14  BANK15
      Params:         4       0       0       0       0       0       0       0       0       0       0       0       0       0       0       0       0
      Locals:         3       0       0       0       0       0       0       0       0       0       0       0       0       0       0       0       0
      Temps:          0       0       0       0       0       0       0       0       0       0       0       0       0       0       0       0       0
      Totals:         7       0       0       0       0       0       0       0       0       0       0       0       0       0       0       0       0
Total ram usage:        7 bytes
 Hardware stack levels used:    1
 This function calls:
		Nothing
 This function is called by:
		_utoa
 This function uses a non-reentrant model


 *************** function _outlet *****************
 Defined at:
		line 189 in file "WMC_2.c"
 Parameters:    Size  Location     Type
  o               1    wreg     unsigned char 
 Auto vars:     Size  Location     Type
  o               1    0[COMRAM] unsigned char 
 Return value:  Size  Location     Type
                  1    wreg      void 
 Registers used:
		wreg
 Tracked objects:
		On entry : 
		On exit  : 
		Unchanged: 
 Data sizes:     COMRAM   BANK0   BANK1   BANK2   BANK3   BANK4   BANK5   BANK6   BANK7   BANK8   BANK9  BANK10  BANK11  BANK12  BANK13  BANK14  BANK15
      Params:         0       0       0       0       0       0       0       0       0       0       0       0       0       0       0       0       0
      Locals:         1       0       0       0       0       0       0       0       0       0       0       0       0       0       0       0       0
      Temps:          0       0       0       0       0       0       0       0       0       0       0       0       0       0       0       0       0
      Totals:         1       0       0       0       0       0       0       0       0       0       0       0       0       0       0       0       0
[...]
      Locals:         0       0       0       0       0       0       0       0       0       0       0       0       0       0       0       0       0
      Temps:          0       0       0       0       0       0       0       0       0       0       0       0       0       0       0       0       0
      Totals:         3       0       0       0       0       0       0       0       0       0       0       0       0       0       0       0       0
Total ram usage:        3 bytes
 Hardware stack levels used:    1
 This function calls:
		Nothing
 This function is called by:
		_ftoa
 This function uses a non-reentrant model


 *************** function ___ftmul *****************
 Defined at:
		line 62 in file "C:\Program Files (x86)\Microchip\xc8\v1.41\sources\common\ftmul.c"
 Parameters:    Size  Location     Type
  f1              3   11[COMRAM] float 
  f2              3   14[COMRAM] float 
 Auto vars:     Size  Location     Type
  f3_as_produc    3   21[COMRAM] unsigned um
  sign            1   25[COMRAM] unsigned char 
  cntr            1   24[COMRAM] unsigned char 
  exp             1   20[COMRAM] unsigned char 
 Return value:  Size  Location     Type
                  3   11[COMRAM] float 
 Registers used:
		wreg, status,2, status,0, cstack
 Tracked objects:
		On entry : 
		On exit  : 
		Unchanged: 
 Data sizes:     COMRAM   BANK0   BANK1   BANK2   BANK3   BANK4   BANK5   BANK6   BANK7   BANK8   BANK9  BANK10  BANK11  BANK12  BANK13  BANK14  BANK15
      Params:         6       0       0       0       0       0       0       0       0       0       0       0       0       0       0       0       0
      Locals:         6       0       0       0       0       0       0       0       0       0       0       0       0       0       0       0       0
      Temps:          3       0       0       0       0       0       0       0       0       0       0       0       0       0       0       0       0
      Totals:        15       0       0       0       0       0       0       0       0       0       0       0       0       0       0       0       0
Total ram usage:       15 bytes
 Hardware stack levels used:    1
 Hardware stack levels required when called:    1
 This function calls:
		___ftpack
 This function is called by:
		_mass
		_ftoa
 This function uses a non-reentrant model


 *************** function ___ftpack *****************
 Defined at:
		line 62 in file "C:\Program Files (x86)\Microchip\xc8\v1.41\sources\common\float.c"
 Parameters:    Size  Location     Type
  arg             3    0[COMRAM] unsigned um
  exp             1    3[COMRAM] unsigned char 
  sign            1    4[COMRAM] unsigned char 
 Auto vars:     Size  Location     Type
		None
 Return value:  Size  Location     Type
                  3    0[COMRAM] float 
 Registers used:
		wreg, status,2, status,0
 Tracked objects:
		On entry : 
		On exit  : 
		Unchanged: 
 Data sizes:     COMRAM   BANK0   BANK1   BANK2   BANK3   BANK4   BANK5   BANK6   BANK7   BANK8   BANK9  BANK10  BANK11  BANK12  BANK13  BANK14  BANK15
      Params:         5       0       0       0       0       0       0       0       0       0       0       0       0       0       0       0       0
      Locals:         0       0       0       0       0       0       0       0       0       0       0       0       0       0       0       0       0
      Temps:          3       0       0       0       0       0       0       0       0       0       0       0       0       0       0       0       0
      Totals:         8       0       0       0       0       0       0       0       0       0       0       0       0       0       0       0       0
Total ram usage:        8 bytes
 Hardware stack levels used:    1
 This function calls:
		Nothing
 This function is called by:
		___ftadd
		___ftdiv
		___ftmul
		___lltoft
		___lwtoft
 This function uses a non-reentrant model


 *************** function ___ftge *****************
 Defined at:
		line 4 in file "C:\Program Files (x86)\Microchip\xc8\v1.41\sources\common\ftge.c"
 Parameters:    Size  Location     Type
  ff1             3   53[COMRAM] float 
  ff2             3   56[COMRAM] float 
 Auto vars:     Size  Location     Type
		None
 Return value:  Size  Location     Type
		None               void
 Registers used:
		wreg, status,2, status,0
 Tracked objects:
		On entry : 
		On exit  : 
		Unchanged: 
 Data sizes:     COMRAM   BANK0   BANK1   BANK2   BANK3   BANK4   BANK5   BANK6   BANK7   BANK8   BANK9  BANK10  BANK11  BANK12  BANK13  BANK14  BANK15
      Params:         6       0       0       0       0       0       0       0       0       0       0       0       0       0       0       0       0
      Locals:         0       0       0       0       0       0       0       0       0       0       0       0       0       0       0       0       0
      Temps:          3       0       0       0       0       0       0       0       0       0       0       0       0       0       0       0       0
      Totals:         9       0       0       0       0       0       0       0       0       0       0       0       0       0       0       0       0
Total ram usage:        9 bytes
 Hardware stack levels used:    1
 This function calls:
		Nothing
 This function is called by:
		_operate
 This function uses a non-reentrant model


 *************** function _lcd_init *****************
 Defined at:
		line 57 in file "lcd.c"
 Parameters:    Size  Location     Type
		None
 Auto vars:     Size  Location     Type
		None
 Return value:  Size  Location     Type
                  1    wreg      void 
 Registers used:
		wreg, status,2, status,0, cstack
 Tracked objects:
		On entry : 
		On exit  : 
		Unchanged: 
 Data sizes:     COMRAM   BANK0   BANK1   BANK2   BANK3   BANK4   BANK5   BANK6   BANK7   BANK8   BANK9  BANK10  BANK11  BANK12  BANK13  BANK14  BANK15
      Params:         0       0       0       0       0       0       0       0       0       0       0       0       0       0       0       0       0
      Locals:         0       0       0       0       0       0       0       0       0       0       0       0       0       0       0       0       0
      Temps:          0       0       0       0       0       0       0       0       0       0       0       0       0       0       0       0       0
      Totals:         0       0       0       0       0       0       0       0       0       0       0       0       0       0       0       0       0
Total ram usage:        0 bytes
 Hardware stack levels used:    1
 Hardware stack levels required when called:    2
 This function calls:
		_atraso_ms
		_lcd_cmd
 This function is called by:
		_main
 This function uses a non-reentrant model


 *************** function _lcd_cmd *****************
 Defined at:
		line 35 in file "lcd.c"
 Parameters:    Size  Location     Type
  val             1    wreg     unsigned char 
 Auto vars:     Size  Location     Type
  val             1    5[COMRAM] unsigned char 
 Return value:  Size  Location     Type
                  1    wreg      void 
 Registers used:
		wreg, status,2, status,0, cstack
 Tracked objects:
		On entry : 
		On exit  : 
		Unchanged: 
 Data sizes:     COMRAM   BANK0   BANK1   BANK2   BANK3   BANK4   BANK5   BANK6   BANK7   BANK8   BANK9  BANK10  BANK11  BANK12  BANK13  BANK14  BANK15
      Params:         0       0       0       0       0       0       0       0       0       0       0       0       0       0       0       0       0
      Locals:         1       0       0       0       0       0       0       0       0       0       0       0       0       0       0       0       0
      Temps:          0       0       0       0       0       0       0       0       0       0       0       0       0       0       0       0       0
      Totals:         1       0       0       0       0       0       0       0       0       0       0       0       0       0       0       0       0
Total ram usage:        1 bytes
 Hardware stack levels used:    1
 Hardware stack levels required when called:    1
 This function calls:
		_atraso_ms
		_lcd_wr
 This function is called by:
		_operate
		_spin
		_menu
		_remaintime
		_stop
		_lock
		_lcd_init
 This function uses a non-reentrant model


 *************** function _lcd_wr *****************
 Defined at:
		line 30 in file "lcd.c"
 Parameters:    Size  Location     Type
  val             1    wreg     unsigned char 
 Auto vars:     Size  Location     Type
  val             1    0[COMRAM] unsigned char 
 Return value:  Size  Location     Type
                  1    wreg      void 
 Registers used:
		wreg
 Tracked objects:
		On entry : 
		On exit  : 
		Unchanged: 
 Data sizes:     COMRAM   BANK0   BANK1   BANK2   BANK3   BANK4   BANK5   BANK6   BANK7   BANK8   BANK9  BANK10  BANK11  BANK12  BANK13  BANK14  BANK15
      Params:         0       0       0       0       0       0       0       0       0       0       0       0       0       0       0       0       0
      Locals:         1       0       0       0       0       0       0       0       0       0       0       0       0       0       0       0       0
      Temps:          0       0       0       0       0       0       0       0       0       0       0       0       0       0       0       0       0
      Totals:         1       0       0       0       0       0       0       0       0       0       0       0       0       0       0       0       0
Total ram usage:        1 bytes
 Hardware stack levels used:    1
 This function calls:
		Nothing
 This function is called by:
		_lcd_cmd
		_lcd_dat
 This function uses a non-reentrant model


 *************** function _atraso_ms *****************
 Defined at:
		line 26 in file "atraso.c"
 Parameters:    Size  Location     Type
  valor           2    0[COMRAM] unsigned int 
 Auto vars:     Size  Location     Type
  i               2    2[COMRAM] unsigned int 
  j               1    4[COMRAM] unsigned char 
 Return value:  Size  Location     Type
                  1    wreg      void 
 Registers used:
		wreg, status,2, status,0
 Tracked objects:
		On entry : 
		On exit  : 
		Unchanged: 
 Data sizes:     COMRAM   BANK0   BANK1   BANK2   BANK3   BANK4   BANK5   BANK6   BANK7   BANK8   BANK9  BANK10  BANK11  BANK12  BANK13  BANK14  BANK15
      Params:         2       0       0       0       0       0       0       0       0       0       0       0       0       0       0       0       0
      Locals:         3       0       0       0       0       0       0       0       0       0       0       0       0       0       0       0       0
      Temps:          0       0       0       0       0       0       0       0       0       0       0       0       0       0       0       0       0
      Totals:         5       0       0       0       0       0       0       0       0       0       0       0       0       0       0       0       0
Total ram usage:        5 bytes
 Hardware stack levels used:    1
 This function calls:
		Nothing
 This function is called by:
		_stop
		_lock
		_lcd_cmd
		_lcd_dat
		_lcd_init
 This function uses a non-reentrant model


 *************** function _init_ports *****************
 Defined at:
		line 93 in file "WMC_2.c"
 Parameters:    Size  Location     Type
		None
 Auto vars:     Size  Location     Type
		None
 Return value:  Size  Location     Type
                  1    wreg      void 
 Registers used:
		wreg, status,2
 Tracked objects:
		On entry : 
		On exit  : 
		Unchanged: 
 Data sizes:     COMRAM   BANK0   BANK1   BANK2   BANK3   BANK4   BANK5   BANK6   BANK7   BANK8   BANK9  BANK10  BANK11  BANK12  BANK13  BANK14  BANK15
      Params:         0       0       0       0       0       0       0       0       0       0       0       0       0       0       0       0       0
      Locals:         0       0       0       0       0       0       0       0       0       0       0       0       0       0       0       0       0
      Temps:          0       0       0       0       0       0       0       0       0       0       0       0       0       0       0       0       0
      Totals:         0       0       0       0       0       0       0       0       0       0       0       0       0       0       0       0       0
Total ram usage:        0 bytes
 Hardware stack levels used:    1
 This function calls:
		Nothing
 This function is called by:
		_main
 This function uses a non-reentrant model


 *************** function _init_adc *****************
 Defined at:
		line 109 in file "WMC_2.c"
 Parameters:    Size  Location     Type
		None
 Auto vars:     Size  Location     Type
		None
 Return value:  Size  Location     Type
                  1    wreg      void 
 Registers used:
		wreg, status,2
 Tracked objects:
		On entry : 
		On exit  : 
		Unchanged: 
 Data sizes:     COMRAM   BANK0   BANK1   BANK2   BANK3   BANK4   BANK5   BANK6   BANK7   BANK8   BANK9  BANK10  BANK11  BANK12  BANK13  BANK14  BANK15
      Params:         0       0       0       0       0       0       0       0       0       0       0       0       0       0       0       0       0
      Locals:         0       0       0       0       0       0       0       0       0       0       0       0       0       0       0       0       0
      Temps:          0       0       0       0       0       0       0       0       0       0       0       0       0       0       0       0       0
      Totals:         0       0       0       0       0       0       0       0       0       0       0       0       0       0       0       0       0
Total ram usage:        0 bytes
 Hardware stack levels used:    1
 This function calls:
		Nothing
 This function is called by:
		_main
 This function uses a non-reentrant model



MODULE INFORMATION

Module		Function		Class		Link	Load	Size
C:\Program Files (x86)\Microchip\xc8\v1.41\sources\common\itoa.c
		_itoa          		CODE           	E6BC	0000	67
		_utoa          		CODE           	ECAE	0000	165

C:\Program Files (x86)\Microchip\xc8\v1.41\sources\common\itoa.c estimated size: 232

C:\Program Files (x86)\Microchip\xc8\v1.41\sources\common\lwdiv.c
		___lwdiv       		CODE           	E786	0000	83

C:\Program Files (x86)\Microchip\xc8\v1.41\sources\common\lwdiv.c estimated size: 83

C:\Program Files (x86)\Microchip\xc8\v1.41\sources\common\lldiv.c
		___lldiv       		CODE           	EB14	0000	131

C:\Program Files (x86)\Microchip\xc8\v1.41\sources\common\lldiv.c estimated size: 131

C:\Program Files (x86)\Microchip\xc8\v1.41\sources\common\doprnt.c
		_sprintf       		CODE           	F772	0000	813

C:\Program Files (x86)\Microchip\xc8\v1.41\sources\common\doprnt.c estimated size: 813

C:\Program Files (x86)\Microchip\xc8\v1.41\sources\common\fttol.c
		___fttol       		CODE           	F0A2	0000	245

C:\Program Files (x86)\Microchip\xc8\v1.41\sources\common\fttol.c estimated size: 245

C:\Program Files (x86)\Microchip\xc8\v1.41\sources\common\ftoa.c
		_ftoa          		CODE           	F2A2	0000	271

C:\Program Files (x86)\Microchip\xc8\v1.41\sources\common\ftoa.c estimated size: 271

C:\Program Files (x86)\Microchip\xc8\v1.41\sources\common\Umul16.c
		___wmul        		CODE           	E49C	0000	39

C:\Program Files (x86)\Microchip\xc8\v1.41\sources\common\Umul16.c estimated size: 39

C:\Program Files (x86)\Microchip\xc8\v1.41\sources\common\isdigit.c
		_isdigit       		CODE           	E412	0000	31

C:\Program Files (x86)\Microchip\xc8\v1.41\sources\common\isdigit.c estimated size: 31

C:\Program Files (x86)\Microchip\xc8\v1.41\sources\common\ftadd.c
		___ftadd       		CODE           	F3B0	0000	429

C:\Program Files (x86)\Microchip\xc8\v1.41\sources\common\ftadd.c estimated size: 429

WMC_2.c
		_mydelay       		CODE           	E8EC	0000	95
		_lock          		CODE           	E540	0000	43
		_mass          		CODE           	EB96	0000	137
		_menu          		CODE           	F55C	0000	535
		_stop          		CODE           	EA1A	0000	123
		_remaintime    		CODE           	EE00	0000	201
		_main          		CODE           	E478	0000	37
		_init_ports    		CODE           	E4C2	0000	43
		_outlet        		CODE           	E404	0000	15
		_button        		CODE           	E56A	0000	45
		_init_adc      		CODE           	E3DA	0000	15
		_status        		CODE           	E890	0000	93
		_myadc         		CODE           	E596	0000	53
		_cycle         		CODE           	F196	0000	269
		_spin          		CODE           	E9B0	0000	107
		_motor         		CODE           	E3F6	0000	15
		_inlet         		CODE           	E3E8	0000	15
		_operate       		CODE           	FA9E	0000	1107

WMC_2.c estimated size: 2948

C:\Program Files (x86)\Microchip\xc8\v1.41\sources\common\ftge.c
		___ftge        		CODE           	EC1E	0000	145

C:\Program Files (x86)\Microchip\xc8\v1.41\sources\common\ftge.c estimated size: 145

atraso.c
		_atraso_ms     		CODE           	E5CA	0000	55

atraso.c estimated size: 55

C:\Program Files (x86)\Microchip\xc8\v1.41\sources\common\ftneg.c
		___ftneg       		CODE           	E430	0000	37

C:\Program Files (x86)\Microchip\xc8\v1.41\sources\common\ftneg.c estimated size: 37

C:\Program Files (x86)\Microchip\xc8\v1.41\sources\common\strcat.c
		_strcat        		CODE           	E6FE	0000	67

C:\Program Files (x86)\Microchip\xc8\v1.41\sources\common\strcat.c estimated size: 67

C:\Program Files (x86)\Microchip\xc8\v1.41\sources\common\ftsub.c
		___ftsub       		CODE           	E63A	0000	65

C:\Program Files (x86)\Microchip\xc8\v1.41\sources\common\ftsub.c estimated size: 65

C:\Program Files (x86)\Microchip\xc8\v1.41\sources\common\float.c
		___ftpack      		CODE           	ED52	0000	175

C:\Program Files (x86)\Microchip\xc8\v1.41\sources\common\float.c estimated size: 175

shared
		_dpowers       		MEDIUMCONST    	FEF1	0000	41
		__initialization		CODE           	E600	0000	49

shared estimated size: 90

C:\Program Files (x86)\Microchip\xc8\v1.41\sources\common\lwmod.c
		___lwmod       		CODE           	E67A	0000	67

C:\Program Files (x86)\Microchip\xc8\v1.41\sources\common\lwmod.c estimated size: 67

C:\Program Files (x86)\Microchip\xc8\v1.41\sources\common\strcpy.c
		_strcpy        		CODE           	E740	0000	71

C:\Program Files (x86)\Microchip\xc8\v1.41\sources\common\strcpy.c estimated size: 71

C:\Program Files (x86)\Microchip\xc8\v1.41\sources\common\llmod.c
		___llmod       		CODE           	E94A	0000	103

C:\Program Files (x86)\Microchip\xc8\v1.41\sources\common\llmod.c estimated size: 103

lcd.c
		_lcd_cmd       		CODE           	E4EC	0000	43
		_lcd_dat       		CODE           	E516	0000	43
		_lcd_wr        		CODE           	E3D2	0000	9
		_lcd_str       		CODE           	EA94	0000	129
		_lcd_init      		CODE           	E7D8	0000	93

lcd.c estimated size: 317

C:\Program Files (x86)\Microchip\xc8\v1.41\sources\common\ftmul.c
		___ftmul       		CODE           	EFAE	0000	245

C:\Program Files (x86)\Microchip\xc8\v1.41\sources\common\ftmul.c estimated size: 245

C:\Program Files (x86)\Microchip\xc8\v1.41\sources\common\lwtoft.c
		___lwtoft      		CODE           	E454	0000	37

C:\Program Files (x86)\Microchip\xc8\v1.41\sources\common\lwtoft.c estimated size: 37

C:\Program Files (x86)\Microchip\xc8\v1.41\sources\common\lltoft.c
		___lltoft      		CODE           	E834	0000	93

C:\Program Files (x86)\Microchip\xc8\v1.41\sources\common\lltoft.c estimated size: 93

C:\Program Files (x86)\Microchip\xc8\v1.41\sources\common\ftdiv.c
		___ftdiv       		CODE           	EEC8	0000	231

C:\Program Files (x86)\Microchip\xc8\v1.41\sources\common\ftdiv.c estimated size: 231

